[2026-07-31 20:01:17] Découverte annuaire, page 0: https://www.brvm.org/fr/rapports-societes-cotees
[2026-07-31 20:01:24] Page 0: 30 entrées, dont 30 nouvelles
[2026-07-31 20:01:24] Découverte annuaire, page 1: https://www.brvm.org/fr/rapports-societes-cotees?page=1
[2026-07-31 20:01:29] Page 1: 30 entrées, dont 30 nouvelles
[2026-07-31 20:01:29] Découverte annuaire, page 2: https://www.brvm.org/fr/rapports-societes-cotees?page=2
[2026-07-31 20:01:33] Page 2: 15 entrées, dont 15 nouvelles
[2026-07-31 20:01:33] Découverte annuaire, page 3: https://www.brvm.org/fr/rapports-societes-cotees?page=3
[2026-07-31 20:01:36] Page 3: 0 entrées, dont 0 nouvelles
[2026-07-31 20:01:36] Scraping des rapports pour 'air-liquide-ci': https://www.brvm.org/fr/rapports-societe-cotes/air-liquide-ci
[2026-07-31 20:01:41] 20 rapport(s) trouvé(s) pour 'air-liquide-ci'
[2026-07-31 20:03:03] Découverte annuaire, page 0: https://www.brvm.org/fr/rapports-societes-cotees
[2026-07-31 20:03:05] Page 0: 30 entrées, dont 30 nouvelles
[2026-07-31 20:03:05] Découverte annuaire, page 1: https://www.brvm.org/fr/rapports-societes-cotees?page=1
[2026-07-31 20:03:07] Page 1: 30 entrées, dont 30 nouvelles
[2026-07-31 20:03:07] Découverte annuaire, page 2: https://www.brvm.org/fr/rapports-societes-cotees?page=2
[2026-07-31 20:03:09] Page 2: 15 entrées, dont 15 nouvelles
[2026-07-31 20:03:09] Découverte annuaire, page 3: https://www.brvm.org/fr/rapports-societes-cotees?page=3
[2026-07-31 20:03:10] Page 3: 0 entrées, dont 0 nouvelles
[2026-07-31 20:03:39] Découverte annuaire, page 0: https://www.brvm.org/fr/rapports-societes-cotees
[2026-07-31 20:03:41] Page 0: 30 entrées, dont 30 nouvelles
[2026-07-31 20:03:41] Découverte annuaire, page 1: https://www.brvm.org/fr/rapports-societes-cotees?page=1
[2026-07-31 20:03:44] Page 1: 30 entrées, dont 30 nouvelles
[2026-07-31 20:03:44] Découverte annuaire, page 2: https://www.brvm.org/fr/rapports-societes-cotees?page=2
[2026-07-31 20:03:48] Page 2: 15 entrées, dont 15 nouvelles
[2026-07-31 20:03:48] Découverte annuaire, page 3: https://www.brvm.org/fr/rapports-societes-cotees?page=3
[2026-07-31 20:03:50] Page 3: 0 entrées, dont 0 nouvelles
[2026-07-31 20:04:29] Découverte annuaire, page 0: https://www.brvm.org/fr/rapports-societes-cotees
[2026-07-31 20:04:31] Page 0: 30 entrées, dont 30 nouvelles
[2026-07-31 20:04:31] Découverte annuaire, page 1: https://www.brvm.org/fr/rapports-societes-cotees?page=1
[2026-07-31 20:04:33] Page 1: 30 entrées, dont 30 nouvelles
[2026-07-31 20:04:33] Découverte annuaire, page 2: https://www.brvm.org/fr/rapports-societes-cotees?page=2
[2026-07-31 20:04:35] Page 2: 15 entrées, dont 15 nouvelles
[2026-07-31 20:04:35] Découverte annuaire, page 3: https://www.brvm.org/fr/rapports-societes-cotees?page=3
[2026-07-31 20:04:38] Page 3: 0 entrées, dont 0 nouvelles
[2026-07-31 20:05:22] Découverte annuaire, page 0: https://www.brvm.org/fr/rapports-societes-cotees
[2026-07-31 20:05:24] Page 0: 30 entrées, dont 30 nouvelles
[2026-07-31 20:05:24] Découverte annuaire, page 1: https://www.brvm.org/fr/rapports-societes-cotees?page=1
[2026-07-31 20:05:25] Page 1: 30 entrées, dont 30 nouvelles
[2026-07-31 20:05:25] Découverte annuaire, page 2: https://www.brvm.org/fr/rapports-societes-cotees?page=2
[2026-07-31 20:05:27] Page 2: 15 entrées, dont 15 nouvelles
[2026-07-31 20:05:27] Découverte annuaire, page 3: https://www.brvm.org/fr/rapports-societes-cotees?page=3
[2026-07-31 20:05:29] Page 3: 0 entrées, dont 0 nouvelles
[2026-07-31 20:05:59] Découverte annuaire, page 0: https://www.brvm.org/fr/rapports-societes-cotees
[2026-07-31 20:06:01] Page 0: 30 entrées, dont 30 nouvelles
[2026-07-31 20:06:01] Découverte annuaire, page 1: https://www.brvm.org/fr/rapports-societes-cotees?page=1
[2026-07-31 20:06:03] Page 1: 30 entrées, dont 30 nouvelles
[2026-07-31 20:06:03] Découverte annuaire, page 2: https://www.brvm.org/fr/rapports-societes-cotees?page=2
[2026-07-31 20:06:05] Page 2: 15 entrées, dont 15 nouvelles
[2026-07-31 20:06:05] Découverte annuaire, page 3: https://www.brvm.org/fr/rapports-societes-cotees?page=3
[2026-07-31 20:06:07] Page 3: 0 entrées, dont 0 nouvelles
[2026-07-31 20:07:35] Découverte annuaire, page 0: https://www.brvm.org/fr/rapports-societes-cotees
[2026-07-31 20:07:37] Page 0: 30 entrées, dont 30 nouvelles
[2026-07-31 20:07:37] Découverte annuaire, page 1: https://www.brvm.org/fr/rapports-societes-cotees?page=1
[2026-07-31 20:07:38] Page 1: 30 entrées, dont 30 nouvelles
[2026-07-31 20:07:38] Découverte annuaire, page 2: https://www.brvm.org/fr/rapports-societes-cotees?page=2
[2026-07-31 20:07:40] Page 2: 15 entrées, dont 15 nouvelles
[2026-07-31 20:07:40] Découverte annuaire, page 3: https://www.brvm.org/fr/rapports-societes-cotees?page=3
[2026-07-31 20:07:41] Page 3: 0 entrées, dont 0 nouvelles
[2026-07-31 20:08:50] Découverte annuaire, page 0: https://www.brvm.org/fr/rapports-societes-cotees
[2026-07-31 20:08:52] Page 0: 30 entrées, dont 30 nouvelles
[2026-07-31 20:08:52] Découverte annuaire, page 1: https://www.brvm.org/fr/rapports-societes-cotees?page=1
[2026-07-31 20:08:53] Page 1: 30 entrées, dont 30 nouvelles
[2026-07-31 20:08:53] Découverte annuaire, page 2: https://www.brvm.org/fr/rapports-societes-cotees?page=2
[2026-07-31 20:08:55] Page 2: 15 entrées, dont 15 nouvelles
[2026-07-31 20:08:55] Découverte annuaire, page 3: https://www.brvm.org/fr/rapports-societes-cotees?page=3
[2026-07-31 20:08:56] Page 3: 0 entrées, dont 0 nouvelles
[2026-07-31 20:08:56] Scraping des rapports pour 'air-liquide-ci': https://www.brvm.org/fr/rapports-societe-cotes/air-liquide-ci
[2026-07-31 20:08:58] 20 rapport(s) trouvé(s) pour 'air-liquide-ci'
[2026-07-31 20:12:49] Découverte annuaire, page 0: https://www.brvm.org/fr/rapports-societes-cotees
[2026-07-31 20:12:50] Page 0: 30 entrées, dont 30 nouvelles
[2026-07-31 20:12:50] Découverte annuaire, page 1: https://www.brvm.org/fr/rapports-societes-cotees?page=1
[2026-07-31 20:12:51] Page 1: 30 entrées, dont 30 nouvelles
[2026-07-31 20:12:51] Découverte annuaire, page 2: https://www.brvm.org/fr/rapports-societes-cotees?page=2
[2026-07-31 20:12:53] Page 2: 15 entrées, dont 15 nouvelles
[2026-07-31 20:12:53] Découverte annuaire, page 3: https://www.brvm.org/fr/rapports-societes-cotees?page=3
[2026-07-31 20:12:55] Page 3: 0 entrées, dont 0 nouvelles
[2026-07-31 20:12:55] Scraping des rapports pour 'air-liquide-ci': https://www.brvm.org/fr/rapports-societe-cotes/air-liquide-ci
[2026-07-31 20:12:57] 20 rapport(s) trouvé(s) pour 'air-liquide-ci'
[2026-07-31 20:13:23] Découverte annuaire, page 0: https://www.brvm.org/fr/rapports-societes-cotees
[2026-07-31 20:13:24] Page 0: 30 entrées, dont 30 nouvelles
[2026-07-31 20:13:24] Découverte annuaire, page 1: https://www.brvm.org/fr/rapports-societes-cotees?page=1
[2026-07-31 20:13:26] Page 1: 30 entrées, dont 30 nouvelles
[2026-07-31 20:13:26] Découverte annuaire, page 2: https://www.brvm.org/fr/rapports-societes-cotees?page=2
[2026-07-31 20:13:28] Page 2: 15 entrées, dont 15 nouvelles
[2026-07-31 20:13:28] Découverte annuaire, page 3: https://www.brvm.org/fr/rapports-societes-cotees?page=3
[2026-07-31 20:13:30] Page 3: 0 entrées, dont 0 nouvelles
[2026-07-31 20:13:30] Scraping des rapports pour 'servair-abidjan-ci': https://www.brvm.org/fr/rapports-societe-cotes/servair-abidjan-ci
[2026-07-31 20:13:31] 20 rapport(s) trouvé(s) pour 'servair-abidjan-ci'
[2026-07-31 20:14:16] Scraping des rapports pour 'bici-ci': https://www.brvm.org/fr/rapports-societe-cotes/bici-ci
[2026-07-31 20:14:18] 20 rapport(s) trouvé(s) pour 'bici-ci'
[2026-07-31 20:14:55] Découverte annuaire, page 0: https://www.brvm.org/fr/rapports-societes-cotees
[2026-07-31 20:14:57] Page 0: 30 entrées, dont 30 nouvelles
[2026-07-31 20:14:57] Découverte annuaire, page 1: https://www.brvm.org/fr/rapports-societes-cotees?page=1
[2026-07-31 20:14:59] Page 1: 30 entrées, dont 30 nouvelles
[2026-07-31 20:14:59] Découverte annuaire, page 2: https://www.brvm.org/fr/rapports-societes-cotees?page=2
[2026-07-31 20:15:01] Page 2: 15 entrées, dont 15 nouvelles
[2026-07-31 20:15:01] Découverte annuaire, page 3: https://www.brvm.org/fr/rapports-societes-cotees?page=3
[2026-07-31 20:15:04] Scraping des rapports pour 'bernabe-ci': https://www.brvm.org/fr/rapports-societe-cotes/bernabe-ci
[2026-07-31 20:15:07] Page 3: 0 entrées, dont 0 nouvelles
[2026-07-31 20:15:07] Scraping des rapports pour 'servair-abidjan-ci': https://www.brvm.org/fr/rapports-societe-cotes/servair-abidjan-ci
[2026-07-31 20:15:07] 20 rapport(s) trouvé(s) pour 'bernabe-ci'
[2026-07-31 20:15:09] 20 rapport(s) trouvé(s) pour 'servair-abidjan-ci'
[2026-07-31 20:15:10] Scraping des rapports pour 'bici-ci': https://www.brvm.org/fr/rapports-societe-cotes/bici-ci
[2026-07-31 20:15:12] 20 rapport(s) trouvé(s) pour 'bici-ci'
[2026-07-31 20:15:13] Scraping des rapports pour 'bernabe-ci': https://www.brvm.org/fr/rapports-societe-cotes/bernabe-ci
[2026-07-31 20:15:18] 20 rapport(s) trouvé(s) pour 'bernabe-ci'
[2026-07-31 20:15:46] Scraping des rapports pour 'bank-africa-bn': https://www.brvm.org/fr/rapports-societe-cotes/bank-africa-bn
[2026-07-31 20:15:47] Scraping des rapports pour 'bank-africa-bn': https://www.brvm.org/fr/rapports-societe-cotes/bank-africa-bn
[2026-07-31 20:15:48] 20 rapport(s) trouvé(s) pour 'bank-africa-bn'
[2026-07-31 20:15:49] 20 rapport(s) trouvé(s) pour 'bank-africa-bn'
[2026-07-31 20:16:30] Scraping des rapports pour 'bank-africa-bf': https://www.brvm.org/fr/rapports-societe-cotes/bank-africa-bf
[2026-07-31 20:16:31] Scraping des rapports pour 'bank-africa-bf': https://www.brvm.org/fr/rapports-societe-cotes/bank-africa-bf
[2026-07-31 20:16:32] 20 rapport(s) trouvé(s) pour 'bank-africa-bf'
[2026-07-31 20:16:32] 20 rapport(s) trouvé(s) pour 'bank-africa-bf'
[2026-07-31 20:17:15] Scraping des rapports pour 'bank-africa-ci': https://www.brvm.org/fr/rapports-societe-cotes/bank-africa-ci
[2026-07-31 20:17:17] Scraping des rapports pour 'bank-africa-ci': https://www.brvm.org/fr/rapports-societe-cotes/bank-africa-ci
[2026-07-31 20:17:17] 20 rapport(s) trouvé(s) pour 'bank-africa-ci'
[2026-07-31 20:17:19] 20 rapport(s) trouvé(s) pour 'bank-africa-ci'
[2026-07-31 20:18:14] Scraping des rapports pour 'bank-africa-ml': https://www.brvm.org/fr/rapports-societe-cotes/bank-africa-ml
[2026-07-31 20:18:15] Scraping des rapports pour 'bank-africa-ml': https://www.brvm.org/fr/rapports-societe-cotes/bank-africa-ml
[2026-07-31 20:18:16] 20 rapport(s) trouvé(s) pour 'bank-africa-ml'
[2026-07-31 20:18:16] 20 rapport(s) trouvé(s) pour 'bank-africa-ml'
[2026-07-31 20:19:06] Scraping des rapports pour 'bank-africa-ng': https://www.brvm.org/fr/rapports-societe-cotes/bank-africa-ng
[2026-07-31 20:19:07] 20 rapport(s) trouvé(s) pour 'bank-africa-ng'
[2026-07-31 20:19:08] Scraping des rapports pour 'bank-africa-ng': https://www.brvm.org/fr/rapports-societe-cotes/bank-africa-ng
[2026-07-31 20:19:09] 20 rapport(s) trouvé(s) pour 'bank-africa-ng'
[2026-07-31 20:19:59] Scraping des rapports pour 'bank-africa-sn': https://www.brvm.org/fr/rapports-societe-cotes/bank-africa-sn
[2026-07-31 20:19:59] Scraping des rapports pour 'bank-africa-sn': https://www.brvm.org/fr/rapports-societe-cotes/bank-africa-sn
[2026-07-31 20:20:01] 20 rapport(s) trouvé(s) pour 'bank-africa-sn'
[2026-07-31 20:20:01] 20 rapport(s) trouvé(s) pour 'bank-africa-sn'
[2026-07-31 20:21:04] Scraping des rapports pour 'sicable': https://www.brvm.org/fr/rapports-societe-cotes/sicable
[2026-07-31 20:21:04] Scraping des rapports pour 'sicable': https://www.brvm.org/fr/rapports-societe-cotes/sicable
[2026-07-31 20:21:06] 20 rapport(s) trouvé(s) pour 'sicable'
[2026-07-31 20:21:06] 20 rapport(s) trouvé(s) pour 'sicable'
[2026-07-31 20:21:45] Scraping des rapports pour 'coris-bank-international': https://www.brvm.org/fr/rapports-societe-cotes/coris-bank-international
[2026-07-31 20:21:47] Scraping des rapports pour 'coris-bank-international': https://www.brvm.org/fr/rapports-societe-cotes/coris-bank-international
[2026-07-31 20:21:49] 18 rapport(s) trouvé(s) pour 'coris-bank-international'
[2026-07-31 20:21:50] 18 rapport(s) trouvé(s) pour 'coris-bank-international'
[2026-07-31 20:22:51] Scraping des rapports pour 'cfao-motors-ci': https://www.brvm.org/fr/rapports-societe-cotes/cfao-motors-ci
[2026-07-31 20:22:52] Scraping des rapports pour 'cfao-motors-ci': https://www.brvm.org/fr/rapports-societe-cotes/cfao-motors-ci
[2026-07-31 20:22:54] 20 rapport(s) trouvé(s) pour 'cfao-motors-ci'
[2026-07-31 20:22:54] 20 rapport(s) trouvé(s) pour 'cfao-motors-ci'
[2026-07-31 20:23:35] Scraping des rapports pour 'cie-ci': https://www.brvm.org/fr/rapports-societe-cotes/cie-ci
[2026-07-31 20:23:35] Scraping des rapports pour 'cie-ci': https://www.brvm.org/fr/rapports-societe-cotes/cie-ci
[2026-07-31 20:23:37] 20 rapport(s) trouvé(s) pour 'cie-ci'
[2026-07-31 20:23:37] 20 rapport(s) trouvé(s) pour 'cie-ci'
[2026-07-31 20:24:30] Scraping des rapports pour 'ecobank-ci': https://www.brvm.org/fr/rapports-societe-cotes/ecobank-ci
[2026-07-31 20:24:30] Scraping des rapports pour 'ecobank-ci': https://www.brvm.org/fr/rapports-societe-cotes/ecobank-ci
[2026-07-31 20:24:32] 20 rapport(s) trouvé(s) pour 'ecobank-ci'
[2026-07-31 20:24:32] 20 rapport(s) trouvé(s) pour 'ecobank-ci'
[2026-07-31 20:25:24] Scraping des rapports pour 'filtisac-ci': https://www.brvm.org/fr/rapports-societe-cotes/filtisac-ci
[2026-07-31 20:25:24] Scraping des rapports pour 'filtisac-ci': https://www.brvm.org/fr/rapports-societe-cotes/filtisac-ci
[2026-07-31 20:25:26] 20 rapport(s) trouvé(s) pour 'filtisac-ci'
[2026-07-31 20:25:26] 20 rapport(s) trouvé(s) pour 'filtisac-ci'
[2026-07-31 20:26:05] Scraping des rapports pour 'lnb': https://www.brvm.org/fr/rapports-societe-cotes/lnb
[2026-07-31 20:26:06] Scraping des rapports pour 'lnb': https://www.brvm.org/fr/rapports-societe-cotes/lnb
[2026-07-31 20:26:07] 6 rapport(s) trouvé(s) pour 'lnb'
[2026-07-31 20:26:07] 6 rapport(s) trouvé(s) pour 'lnb'
[2026-07-31 20:26:26] Scraping des rapports pour 'nei-ceda-ci': https://www.brvm.org/fr/rapports-societe-cotes/nei-ceda-ci
[2026-07-31 20:26:26] Scraping des rapports pour 'nei-ceda-ci': https://www.brvm.org/fr/rapports-societe-cotes/nei-ceda-ci
[2026-07-31 20:26:28] 20 rapport(s) trouvé(s) pour 'nei-ceda-ci'
[2026-07-31 20:26:28] 20 rapport(s) trouvé(s) pour 'nei-ceda-ci'
[2026-07-31 20:27:14] Scraping des rapports pour 'nestle-ci': https://www.brvm.org/fr/rapports-societe-cotes/nestle-ci
[2026-07-31 20:27:16] Scraping des rapports pour 'nestle-ci': https://www.brvm.org/fr/rapports-societe-cotes/nestle-ci
[2026-07-31 20:27:16] 20 rapport(s) trouvé(s) pour 'nestle-ci'
[2026-07-31 20:27:18] 20 rapport(s) trouvé(s) pour 'nestle-ci'
[2026-07-31 20:27:56] Scraping des rapports pour 'onatel-bf': https://www.brvm.org/fr/rapports-societe-cotes/onatel-bf
[2026-07-31 20:27:56] Scraping des rapports pour 'onatel-bf': https://www.brvm.org/fr/rapports-societe-cotes/onatel-bf
[2026-07-31 20:27:58] 20 rapport(s) trouvé(s) pour 'onatel-bf'
[2026-07-31 20:27:58] 20 rapport(s) trouvé(s) pour 'onatel-bf'
[2026-07-31 20:29:05] Scraping des rapports pour 'orange-ci': https://www.brvm.org/fr/rapports-societe-cotes/orange-ci
[2026-07-31 20:29:06] Scraping des rapports pour 'orange-ci': https://www.brvm.org/fr/rapports-societe-cotes/orange-ci
[2026-07-31 20:29:07] 20 rapport(s) trouvé(s) pour 'orange-ci'
[2026-07-31 20:29:07] 20 rapport(s) trouvé(s) pour 'orange-ci'
[2026-07-31 20:30:08] Scraping des rapports pour 'oragroup': https://www.brvm.org/fr/rapports-societe-cotes/oragroup
[2026-07-31 20:30:09] Scraping des rapports pour 'oragroup': https://www.brvm.org/fr/rapports-societe-cotes/oragroup
[2026-07-31 20:30:13] 20 rapport(s) trouvé(s) pour 'oragroup'
[2026-07-31 20:30:13] 20 rapport(s) trouvé(s) pour 'oragroup'
[2026-07-31 20:30:53] Scraping des rapports pour 'palm-ci': https://www.brvm.org/fr/rapports-societe-cotes/palm-ci
[2026-07-31 20:30:54] Scraping des rapports pour 'palm-ci': https://www.brvm.org/fr/rapports-societe-cotes/palm-ci
[2026-07-31 20:30:55] 20 rapport(s) trouvé(s) pour 'palm-ci'
[2026-07-31 20:30:56] 20 rapport(s) trouvé(s) pour 'palm-ci'
[2026-07-31 20:31:57] Scraping des rapports pour 'safca-ci': https://www.brvm.org/fr/rapports-societe-cotes/safca-ci
[2026-07-31 20:31:57] Scraping des rapports pour 'safca-ci': https://www.brvm.org/fr/rapports-societe-cotes/safca-ci
[2026-07-31 20:31:59] 20 rapport(s) trouvé(s) pour 'safca-ci'
[2026-07-31 20:32:01] 20 rapport(s) trouvé(s) pour 'safca-ci'
[2026-07-31 22:58:27] Découverte annuaire, page 0: https://www.brvm.org/fr/rapports-societes-cotees
[2026-07-31 22:58:29] Page 0: 30 entrées, dont 30 nouvelles
[2026-07-31 22:58:29] Découverte annuaire, page 1: https://www.brvm.org/fr/rapports-societes-cotees?page=1
[2026-07-31 22:58:31] Page 1: 30 entrées, dont 30 nouvelles
[2026-07-31 23:04:08] Découverte annuaire, page 0: https://www.brvm.org/fr/rapports-societes-cotees
[2026-07-31 23:04:09] Page 0: 30 entrées, dont 30 nouvelles
[2026-07-31 23:04:09] Découverte annuaire, page 1: https://www.brvm.org/fr/rapports-societes-cotees?page=1
[2026-07-31 23:04:11] Page 1: 30 entrées, dont 30 nouvelles
[2026-07-31 23:04:11] Découverte annuaire, page 2: https://www.brvm.org/fr/rapports-societes-cotees?page=2
[2026-07-31 23:04:13] Page 2: 15 entrées, dont 15 nouvelles
[2026-07-31 23:04:13] Découverte annuaire, page 3: https://www.brvm.org/fr/rapports-societes-cotees?page=3
[2026-07-31 23:04:14] Page 3: 0 entrées, dont 0 nouvelles
[2026-07-31 23:04:14] Scraping des rapports pour 'servair-abidjan-ci': https://www.brvm.org/fr/rapports-societe-cotes/servair-abidjan-ci
[2026-07-31 23:04:16] 20 rapport(s) trouvé(s) pour 'servair-abidjan-ci'
[2026-07-31 23:05:14] Scraping des rapports pour 'bici-ci': https://www.brvm.org/fr/rapports-societe-cotes/bici-ci
[2026-07-31 23:05:16] 20 rapport(s) trouvé(s) pour 'bici-ci'
[2026-07-31 23:06:07] Scraping des rapports pour 'bernabe-ci': https://www.brvm.org/fr/rapports-societe-cotes/bernabe-ci
[2026-07-31 23:06:10] 20 rapport(s) trouvé(s) pour 'bernabe-ci'
[2026-07-31 23:06:58] Scraping des rapports pour 'bank-africa-bn': https://www.brvm.org/fr/rapports-societe-cotes/bank-africa-bn
[2026-07-31 23:07:00] 20 rapport(s) trouvé(s) pour 'bank-africa-bn'
[2026-07-31 23:07:41] Découverte annuaire, page 0: https://www.brvm.org/fr/rapports-societes-cotees
[2026-07-31 23:07:43] Page 0: 30 entrées, dont 30 nouvelles
[2026-07-31 23:07:43] Découverte annuaire, page 1: https://www.brvm.org/fr/rapports-societes-cotees?page=1
[2026-07-31 23:07:44] Page 1: 30 entrées, dont 30 nouvelles
[2026-07-31 23:07:44] Découverte annuaire, page 2: https://www.brvm.org/fr/rapports-societes-cotees?page=2
[2026-07-31 23:07:46] Page 2: 15 entrées, dont 15 nouvelles
[2026-07-31 23:07:46] Découverte annuaire, page 3: https://www.brvm.org/fr/rapports-societes-cotees?page=3
[2026-07-31 23:07:48] Page 3: 0 entrées, dont 0 nouvelles
[2026-07-31 23:07:48] Scraping des rapports pour 'servair-abidjan-ci': https://www.brvm.org/fr/rapports-societe-cotes/servair-abidjan-ci
[2026-07-31 23:07:49] 20 rapport(s) trouvé(s) pour 'servair-abidjan-ci'
[2026-07-31 23:08:12] Scraping des rapports pour 'bici-ci': https://www.brvm.org/fr/rapports-societe-cotes/bici-ci
[2026-07-31 23:08:13] 20 rapport(s) trouvé(s) pour 'bici-ci'
[2026-07-31 23:08:16] Scraping des rapports pour 'bernabe-ci': https://www.brvm.org/fr/rapports-societe-cotes/bernabe-ci
[2026-07-31 23:08:17] 20 rapport(s) trouvé(s) pour 'bernabe-ci'
[2026-07-31 23:08:19] Scraping des rapports pour 'bank-africa-bn': https://www.brvm.org/fr/rapports-societe-cotes/bank-africa-bn
[2026-07-31 23:08:21] 20 rapport(s) trouvé(s) pour 'bank-africa-bn'
[2026-07-31 23:09:42] Scraping des rapports pour 'bank-africa-bf': https://www.brvm.org/fr/rapports-societe-cotes/bank-africa-bf
[2026-07-31 23:09:44] 20 rapport(s) trouvé(s) pour 'bank-africa-bf'
[2026-07-31 23:12:08] Scraping des rapports pour 'bank-africa-ci': https://www.brvm.org/fr/rapports-societe-cotes/bank-africa-ci
[2026-07-31 23:12:10] 20 rapport(s) trouvé(s) pour 'bank-africa-ci'
[2026-07-31 23:14:27] Scraping des rapports pour 'bank-africa-ml': https://www.brvm.org/fr/rapports-societe-cotes/bank-africa-ml
[2026-07-31 23:14:29] 20 rapport(s) trouvé(s) pour 'bank-africa-ml'
[2026-07-31 23:16:21] Scraping des rapports pour 'bank-africa-ng': https://www.brvm.org/fr/rapports-societe-cotes/bank-africa-ng
[2026-07-31 23:16:23] 20 rapport(s) trouvé(s) pour 'bank-africa-ng'
[2026-07-31 23:20:01] Scraping des rapports pour 'bank-africa-sn': https://www.brvm.org/fr/rapports-societe-cotes/bank-africa-sn
[2026-07-31 23:20:05] 20 rapport(s) trouvé(s) pour 'bank-africa-sn'
[2026-07-31 23:22:58] Scraping des rapports pour 'sicable': https://www.brvm.org/fr/rapports-societe-cotes/sicable
[2026-07-31 23:23:02] 20 rapport(s) trouvé(s) pour 'sicable'
[2026-07-31 23:25:08] Scraping des rapports pour 'coris-bank-international': https://www.brvm.org/fr/rapports-societe-cotes/coris-bank-international
[2026-07-31 23:25:11] 18 rapport(s) trouvé(s) pour 'coris-bank-international'
[2026-07-31 23:29:47] Scraping des rapports pour 'cfao-motors-ci': https://www.brvm.org/fr/rapports-societe-cotes/cfao-motors-ci
[2026-07-31 23:29:49] 20 rapport(s) trouvé(s) pour 'cfao-motors-ci'
[2026-07-31 23:32:14] Scraping des rapports pour 'cie-ci': https://www.brvm.org/fr/rapports-societe-cotes/cie-ci
[2026-07-31 23:32:16] 20 rapport(s) trouvé(s) pour 'cie-ci'
[2026-07-31 23:34:44] Scraping des rapports pour 'ecobank-ci': https://www.brvm.org/fr/rapports-societe-cotes/ecobank-ci
[2026-07-31 23:34:46] 20 rapport(s) trouvé(s) pour 'ecobank-ci'
[2026-07-31 23:37:25] Scraping des rapports pour 'filtisac-ci': https://www.brvm.org/fr/rapports-societe-cotes/filtisac-ci
[2026-07-31 23:37:27] 20 rapport(s) trouvé(s) pour 'filtisac-ci'
[2026-07-31 23:39:09] Scraping des rapports pour 'nei-ceda-ci': https://www.brvm.org/fr/rapports-societe-cotes/nei-ceda-ci
[2026-07-31 23:39:12] 20 rapport(s) trouvé(s) pour 'nei-ceda-ci'
[2026-07-31 23:42:31] Scraping des rapports pour 'nestle-ci': https://www.brvm.org/fr/rapports-societe-cotes/nestle-ci
[2026-07-31 23:42:34] 20 rapport(s) trouvé(s) pour 'nestle-ci'
[2026-07-31 23:45:40] Scraping des rapports pour 'orange-ci': https://www.brvm.org/fr/rapports-societe-cotes/orange-ci
[2026-07-31 23:45:42] 20 rapport(s) trouvé(s) pour 'orange-ci'
[2026-07-31 23:48:25] Scraping des rapports pour 'oragroup': https://www.brvm.org/fr/rapports-societe-cotes/oragroup
[2026-07-31 23:48:27] 20 rapport(s) trouvé(s) pour 'oragroup'
[2026-07-31 23:50:16] Scraping des rapports pour 'palm-ci': https://www.brvm.org/fr/rapports-societe-cotes/palm-ci
[2026-07-31 23:50:18] 20 rapport(s) trouvé(s) pour 'palm-ci'
[2026-07-31 23:52:38] Scraping des rapports pour 'safca-ci': https://www.brvm.org/fr/rapports-societe-cotes/safca-ci
[2026-07-31 23:52:40] 20 rapport(s) trouvé(s) pour 'safca-ci'
[2026-07-31 23:54:22] Scraping des rapports pour 'sucrivoire': https://www.brvm.org/fr/rapports-societe-cotes/sucrivoire
[2026-07-31 23:54:24] 20 rapport(s) trouvé(s) pour 'sucrivoire'
[2026-07-31 23:55:59] Scraping des rapports pour 'vivo-energy-ci': https://www.brvm.org/fr/rapports-societe-cotes/vivo-energy-ci
[2026-07-31 23:56:02] 20 rapport(s) trouvé(s) pour 'vivo-energy-ci'
[2026-07-31 23:57:25] Scraping des rapports pour 'sicor': https://www.brvm.org/fr/rapports-societe-cotes/sicor
[2026-07-31 23:57:27] 20 rapport(s) trouvé(s) pour 'sicor'
[2026-08-01 00:02:08] Scraping des rapports pour 'solibra': https://www.brvm.org/fr/rapports-societe-cotes/solibra
[2026-08-01 00:02:10] 20 rapport(s) trouvé(s) pour 'solibra'
[2026-08-01 00:03:40] Scraping des rapports pour 'smb': https://www.brvm.org/fr/rapports-societe-cotes/smb
[2026-08-01 00:03:42] 20 rapport(s) trouvé(s) pour 'smb'
[2026-08-01 00:04:55] Scraping des rapports pour 'sogb': https://www.brvm.org/fr/rapports-societe-cotes/sogb
[2026-08-01 00:04:57] 20 rapport(s) trouvé(s) pour 'sogb'
[2026-08-01 00:06:39] Scraping des rapports pour 'saph-ci': https://www.brvm.org/fr/rapports-societe-cotes/saph-ci
[2026-08-01 00:06:41] 20 rapport(s) trouvé(s) pour 'saph-ci'
[2026-08-01 00:08:23] Scraping des rapports pour 'setao-ci': https://www.brvm.org/fr/rapports-societe-cotes/setao-ci
[2026-08-01 00:08:25] 20 rapport(s) trouvé(s) pour 'setao-ci'
[2026-08-01 00:09:16] Scraping des rapports pour 'sitab': https://www.brvm.org/fr/rapports-societe-cotes/sitab
[2026-08-01 00:09:18] 20 rapport(s) trouvé(s) pour 'sitab'
[2026-08-01 00:10:22] Scraping des rapports pour 'unilever-ci': https://www.brvm.org/fr/rapports-societe-cotes/unilever-ci
[2026-08-01 00:10:25] 20 rapport(s) trouvé(s) pour 'unilever-ci'
[2026-08-01 00:11:39] Scraping des rapports pour 'uniwax-ci': https://www.brvm.org/fr/rapports-societe-cotes/uniwax-ci
[2026-08-01 00:11:40] 20 rapport(s) trouvé(s) pour 'uniwax-ci'
[2026-08-01 09:34:34] Découverte annuaire, page 0: https://www.brvm.org/fr/rapports-societes-cotees
[2026-08-01 09:34:36] Page 0: 30 entrées, dont 30 nouvelles
[2026-08-01 09:34:36] Découverte annuaire, page 1: https://www.brvm.org/fr/rapports-societes-cotees?page=1
[2026-08-01 09:34:38] Page 1: 30 entrées, dont 30 nouvelles
[2026-08-01 09:34:38] Découverte annuaire, page 2: https://www.brvm.org/fr/rapports-societes-cotees?page=2
[2026-08-01 09:34:40] Page 2: 15 entrées, dont 15 nouvelles
[2026-08-01 09:34:40] Découverte annuaire, page 3: https://www.brvm.org/fr/rapports-societes-cotees?page=3
[2026-08-01 09:34:42] Page 3: 0 entrées, dont 0 nouvelles
[2026-08-01 09:34:42] Scraping des rapports pour 'sicable': https://www.brvm.org/fr/rapports-societe-cotes/sicable
[2026-08-01 09:34:44] 20 rapport(s) trouvé(s) pour 'sicable'
[2026-08-01 09:34:56] Découverte annuaire, page 0: https://www.brvm.org/fr/rapports-societes-cotees
[2026-08-01 09:34:58] Page 0: 30 entrées, dont 30 nouvelles
[2026-08-01 09:34:58] Découverte annuaire, page 1: https://www.brvm.org/fr/rapports-societes-cotees?page=1
[2026-08-01 09:35:00] Page 1: 30 entrées, dont 30 nouvelles
[2026-08-01 09:35:00] Découverte annuaire, page 2: https://www.brvm.org/fr/rapports-societes-cotees?page=2
[2026-08-01 09:35:04] Page 2: 15 entrées, dont 15 nouvelles
[2026-08-01 09:35:04] Découverte annuaire, page 3: https://www.brvm.org/fr/rapports-societes-cotees?page=3
[2026-08-01 09:35:06] Page 3: 0 entrées, dont 0 nouvelles
[2026-08-01 09:35:06] Scraping des rapports pour 'sicable': https://www.brvm.org/fr/rapports-societe-cotes/sicable
[2026-08-01 09:35:08] 20 rapport(s) trouvé(s) pour 'sicable'
[2026-08-01 09:36:58] Découverte annuaire, page 0: https://www.brvm.org/fr/rapports-societes-cotees
[2026-08-01 09:36:59] Page 0: 30 entrées, dont 30 nouvelles
[2026-08-01 09:36:59] Découverte annuaire, page 1: https://www.brvm.org/fr/rapports-societes-cotees?page=1
[2026-08-01 09:37:02] Page 1: 30 entrées, dont 30 nouvelles
[2026-08-01 09:37:02] Découverte annuaire, page 2: https://www.brvm.org/fr/rapports-societes-cotees?page=2
[2026-08-01 09:37:04] Page 2: 15 entrées, dont 15 nouvelles
[2026-08-01 09:37:04] Découverte annuaire, page 3: https://www.brvm.org/fr/rapports-societes-cotees?page=3
[2026-08-01 09:37:06] Page 3: 0 entrées, dont 0 nouvelles
[2026-08-01 09:37:06] Scraping des rapports pour 'sicable': https://www.brvm.org/fr/rapports-societe-cotes/sicable
[2026-08-01 09:37:07] 20 rapport(s) trouvé(s) pour 'sicable'
[2026-08-01 09:48:53] Découverte annuaire, page 0: https://www.brvm.org/fr/rapports-societes-cotees
[2026-08-01 09:48:57] Page 0: 30 entrées, dont 30 nouvelles
[2026-08-01 09:48:57] Découverte annuaire, page 1: https://www.brvm.org/fr/rapports-societes-cotees?page=1
[2026-08-01 09:49:04] Page 1: 30 entrées, dont 30 nouvelles
[2026-08-01 09:49:04] Découverte annuaire, page 2: https://www.brvm.org/fr/rapports-societes-cotees?page=2
[2026-08-01 09:49:06] Page 2: 15 entrées, dont 15 nouvelles
[2026-08-01 09:49:06] Découverte annuaire, page 3: https://www.brvm.org/fr/rapports-societes-cotees?page=3
[2026-08-01 09:49:08] Page 3: 0 entrées, dont 0 nouvelles
[2026-08-02 12:16:38] Scraping des rapports pour 'servair-abidjan-ci': https://www.brvm.org/fr/rapports-societe-cotes/servair-abidjan-ci
[2026-08-02 12:16:40] 20 rapport(s) trouvé(s) pour 'servair-abidjan-ci'
[2026-08-02 12:21:08] Scraping des rapports pour 'servair-abidjan-ci': https://www.brvm.org/fr/rapports-societe-cotes/servair-abidjan-ci
[2026-08-02 12:21:10] 20 rapport(s) trouvé(s) pour 'servair-abidjan-ci'
[2026-08-02 12:22:05] Scraping des rapports pour 'safca-ci': https://www.brvm.org/fr/rapports-societe-cotes/safca-ci
[2026-08-02 12:22:09] 20 rapport(s) trouvé(s) pour 'safca-ci'
[2026-08-02 12:23:05] Scraping des rapports pour 'sicable': https://www.brvm.org/fr/rapports-societe-cotes/sicable
[2026-08-02 12:23:07] 20 rapport(s) trouvé(s) pour 'sicable'
[2026-08-02 12:43:10] Scraping des rapports pour 'uniwax-ci': https://www.brvm.org/fr/rapports-societe-cotes/uniwax-ci
[2026-08-02 12:43:11] 20 rapport(s) trouvé(s) pour 'uniwax-ci'
[2026-08-02 19:10:21] Scraping des rapports pour 'bank-africa-bf', page 0: https://www.brvm.org/fr/rapports-societe-cotes/bank-africa-bf
[2026-08-02 19:10:23] Page 0 pour 'bank-africa-bf': 20 rapport(s), dont 20 nouveau(x)
[2026-08-02 19:10:23] Scraping des rapports pour 'bank-africa-bf', page 1: https://www.brvm.org/fr/rapports-societe-cotes/bank-africa-bf?page=1
[2026-08-02 19:10:25] Page 1 pour 'bank-africa-bf': 20 rapport(s), dont 20 nouveau(x)
[2026-08-02 19:10:25] Scraping des rapports pour 'bank-africa-bf', page 2: https://www.brvm.org/fr/rapports-societe-cotes/bank-africa-bf?page=2
[2026-08-02 19:10:28] Page 2 pour 'bank-africa-bf': 20 rapport(s), dont 20 nouveau(x)
[2026-08-02 19:10:28] Scraping des rapports pour 'bank-africa-bf', page 3: https://www.brvm.org/fr/rapports-societe-cotes/bank-africa-bf?page=3
[2026-08-02 19:10:29] Page 3 pour 'bank-africa-bf': 19 rapport(s), dont 19 nouveau(x)
[2026-08-02 19:10:29] Scraping des rapports pour 'bank-africa-bf', page 4: https://www.brvm.org/fr/rapports-societe-cotes/bank-africa-bf?page=4
[2026-08-02 19:10:31] Page 4 pour 'bank-africa-bf': 8 rapport(s), dont 8 nouveau(x)
[2026-08-02 19:10:31] Scraping des rapports pour 'bank-africa-bf', page 5: https://www.brvm.org/fr/rapports-societe-cotes/bank-africa-bf?page=5
[2026-08-02 19:10:33] Page 5 pour 'bank-africa-bf': 0 rapport(s), dont 0 nouveau(x)
[2026-08-02 19:10:33] 87 rapport(s) trouvé(s) au total pour 'bank-africa-bf'
[2026-08-04 05:12:25] Découverte annuaire, page 0: https://www.brvm.org/fr/rapports-societes-cotees
[2026-08-04 05:12:26] Page 0: 30 entrées, dont 30 nouvelles
[2026-08-04 05:12:26] Découverte annuaire, page 1: https://www.brvm.org/fr/rapports-societes-cotees?page=1
[2026-08-04 05:12:28] Page 1: 30 entrées, dont 30 nouvelles
[2026-08-04 05:12:28] Découverte annuaire, page 2: https://www.brvm.org/fr/rapports-societes-cotees?page=2
[2026-08-04 05:12:30] Page 2: 15 entrées, dont 15 nouvelles
[2026-08-04 05:12:30] Découverte annuaire, page 3: https://www.brvm.org/fr/rapports-societes-cotees?page=3
[2026-08-04 05:12:32] Page 3: 0 entrées, dont 0 nouvelles
[2026-08-04 05:12:32] Scraping des rapports pour 'servair-abidjan-ci', page 0: https://www.brvm.org/fr/rapports-societe-cotes/servair-abidjan-ci
[2026-08-04 05:12:33] Page 0 pour 'servair-abidjan-ci': 20 rapport(s), dont 20 nouveau(x)
[2026-08-04 05:12:33] Scraping des rapports pour 'servair-abidjan-ci', page 1: https://www.brvm.org/fr/rapports-societe-cotes/servair-abidjan-ci?page=1
[2026-08-04 05:12:35] Page 1 pour 'servair-abidjan-ci': 20 rapport(s), dont 20 nouveau(x)
[2026-08-04 05:12:35] Scraping des rapports pour 'servair-abidjan-ci', page 2: https://www.brvm.org/fr/rapports-societe-cotes/servair-abidjan-ci?page=2
[2026-08-04 05:12:37] Page 2 pour 'servair-abidjan-ci': 20 rapport(s), dont 20 nouveau(x)
[2026-08-04 05:12:37] Scraping des rapports pour 'servair-abidjan-ci', page 3: https://www.brvm.org/fr/rapports-societe-cotes/servair-abidjan-ci?page=3
[2026-08-04 05:12:40] Page 3 pour 'servair-abidjan-ci': 20 rapport(s), dont 20 nouveau(x)
[2026-08-04 05:12:40] Scraping des rapports pour 'servair-abidjan-ci', page 4: https://www.brvm.org/fr/rapports-societe-cotes/servair-abidjan-ci?page=4
[2026-08-04 05:12:42] Page 4 pour 'servair-abidjan-ci': 6 rapport(s), dont 6 nouveau(x)
[2026-08-04 05:12:42] Scraping des rapports pour 'servair-abidjan-ci', page 5: https://www.brvm.org/fr/rapports-societe-cotes/servair-abidjan-ci?page=5
[2026-08-04 05:12:43] Page 5 pour 'servair-abidjan-ci': 0 rapport(s), dont 0 nouveau(x)
[2026-08-04 05:12:43] 86 rapport(s) trouvé(s) au total pour 'servair-abidjan-ci'
[2026-08-04 05:13:15] Scraping des rapports pour 'bank-africa-sn', page 0: https://www.brvm.org/fr/rapports-societe-cotes/bank-africa-sn
[2026-08-04 05:13:18] Page 0 pour 'bank-africa-sn': 20 rapport(s), dont 20 nouveau(x)
[2026-08-04 05:13:18] Scraping des rapports pour 'bank-africa-sn', page 1: https://www.brvm.org/fr/rapports-societe-cotes/bank-africa-sn?page=1
[2026-08-04 05:13:20] Page 1 pour 'bank-africa-sn': 20 rapport(s), dont 20 nouveau(x)
[2026-08-04 05:13:20] Scraping des rapports pour 'bank-africa-sn', page 2: https://www.brvm.org/fr/rapports-societe-cotes/bank-africa-sn?page=2
[2026-08-04 05:13:21] Page 2 pour 'bank-africa-sn': 20 rapport(s), dont 20 nouveau(x)
[2026-08-04 05:13:21] Scraping des rapports pour 'bank-africa-sn', page 3: https://www.brvm.org/fr/rapports-societe-cotes/bank-africa-sn?page=3
[2026-08-04 05:13:23] Page 3 pour 'bank-africa-sn': 3 rapport(s), dont 3 nouveau(x)
[2026-08-04 05:13:23] Scraping des rapports pour 'bank-africa-sn', page 4: https://www.brvm.org/fr/rapports-societe-cotes/bank-africa-sn?page=4
[2026-08-04 05:13:25] Page 4 pour 'bank-africa-sn': 0 rapport(s), dont 0 nouveau(x)
[2026-08-04 05:13:25] 63 rapport(s) trouvé(s) au total pour 'bank-africa-sn'
[2026-08-04 05:27:00] Scraping des rapports pour 'bank-africa-bn', page 0: https://www.brvm.org/fr/rapports-societe-cotes/bank-africa-bn
[2026-08-04 05:27:02] Page 0 pour 'bank-africa-bn': 20 rapport(s), dont 20 nouveau(x)
[2026-08-04 05:27:02] Scraping des rapports pour 'bank-africa-bn', page 1: https://www.brvm.org/fr/rapports-societe-cotes/bank-africa-bn?page=1
[2026-08-04 05:27:04] Page 1 pour 'bank-africa-bn': 19 rapport(s), dont 19 nouveau(x)
[2026-08-04 05:27:04] Scraping des rapports pour 'bank-africa-bn', page 2: https://www.brvm.org/fr/rapports-societe-cotes/bank-africa-bn?page=2
[2026-08-04 05:27:06] Page 2 pour 'bank-africa-bn': 20 rapport(s), dont 20 nouveau(x)
[2026-08-04 05:27:06] Scraping des rapports pour 'bank-africa-bn', page 3: https://www.brvm.org/fr/rapports-societe-cotes/bank-africa-bn?page=3
[2026-08-04 05:27:08] Page 3 pour 'bank-africa-bn': 20 rapport(s), dont 20 nouveau(x)
[2026-08-04 05:27:08] Scraping des rapports pour 'bank-africa-bn', page 4: https://www.brvm.org/fr/rapports-societe-cotes/bank-africa-bn?page=4
[2026-08-04 05:27:09] Page 4 pour 'bank-africa-bn': 15 rapport(s), dont 15 nouveau(x)
[2026-08-04 05:27:09] Scraping des rapports pour 'bank-africa-bn', page 5: https://www.brvm.org/fr/rapports-societe-cotes/bank-africa-bn?page=5
[2026-08-04 05:27:12] Page 5 pour 'bank-africa-bn': 0 rapport(s), dont 0 nouveau(x)
[2026-08-04 05:27:12] 94 rapport(s) trouvé(s) au total pour 'bank-africa-bn'
[2026-08-04 05:27:15] Scraping des rapports pour 'bank-africa-bn', page 0: https://www.brvm.org/fr/rapports-societe-cotes/bank-africa-bn
[2026-08-04 05:27:17] Page 0 pour 'bank-africa-bn': 20 rapport(s), dont 20 nouveau(x)
[2026-08-04 05:27:17] Scraping des rapports pour 'bank-africa-bn', page 1: https://www.brvm.org/fr/rapports-societe-cotes/bank-africa-bn?page=1
[2026-08-04 05:27:18] Page 1 pour 'bank-africa-bn': 19 rapport(s), dont 19 nouveau(x)
[2026-08-04 05:27:18] Scraping des rapports pour 'bank-africa-bn', page 2: https://www.brvm.org/fr/rapports-societe-cotes/bank-africa-bn?page=2
[2026-08-04 05:27:20] Page 2 pour 'bank-africa-bn': 20 rapport(s), dont 20 nouveau(x)
[2026-08-04 05:27:20] Scraping des rapports pour 'bank-africa-bn', page 3: https://www.brvm.org/fr/rapports-societe-cotes/bank-africa-bn?page=3
[2026-08-04 05:27:22] Page 3 pour 'bank-africa-bn': 20 rapport(s), dont 20 nouveau(x)
[2026-08-04 05:27:22] Scraping des rapports pour 'bank-africa-bn', page 4: https://www.brvm.org/fr/rapports-societe-cotes/bank-africa-bn?page=4
[2026-08-04 05:27:23] Page 4 pour 'bank-africa-bn': 15 rapport(s), dont 15 nouveau(x)
[2026-08-04 05:27:23] Scraping des rapports pour 'bank-africa-bn', page 5: https://www.brvm.org/fr/rapports-societe-cotes/bank-africa-bn?page=5
[2026-08-04 05:27:25] Page 5 pour 'bank-africa-bn': 0 rapport(s), dont 0 nouveau(x)
[2026-08-04 05:27:25] 94 rapport(s) trouvé(s) au total pour 'bank-africa-bn'
[2026-08-04 22:03:27] Scraping des rapports pour 'bank-africa-bf', page 0: https://www.brvm.org/fr/rapports-societe-cotes/bank-africa-bf
[2026-08-04 22:03:33] Page 0 pour 'bank-africa-bf': 20 rapport(s), dont 20 nouveau(x)
[2026-08-04 22:03:33] Scraping des rapports pour 'bank-africa-bf', page 1: https://www.brvm.org/fr/rapports-societe-cotes/bank-africa-bf?page=1
[2026-08-04 22:03:42] Page 1 pour 'bank-africa-bf': 20 rapport(s), dont 20 nouveau(x)
[2026-08-04 22:03:42] Scraping des rapports pour 'bank-africa-bf', page 2: https://www.brvm.org/fr/rapports-societe-cotes/bank-africa-bf?page=2
[2026-08-04 22:03:59] Page 2 pour 'bank-africa-bf': 20 rapport(s), dont 20 nouveau(x)
[2026-08-04 22:03:59] Scraping des rapports pour 'bank-africa-bf', page 3: https://www.brvm.org/fr/rapports-societe-cotes/bank-africa-bf?page=3
[2026-08-04 22:04:05] Page 3 pour 'bank-africa-bf': 19 rapport(s), dont 19 nouveau(x)
[2026-08-04 22:04:05] Scraping des rapports pour 'bank-africa-bf', page 4: https://www.brvm.org/fr/rapports-societe-cotes/bank-africa-bf?page=4
[2026-08-04 22:04:13] Scraping des rapports pour 'bank-africa-bf', page 0: https://www.brvm.org/fr/rapports-societe-cotes/bank-africa-bf
[2026-08-04 22:04:14] Page 4 pour 'bank-africa-bf': 8 rapport(s), dont 8 nouveau(x)
[2026-08-04 22:04:14] Scraping des rapports pour 'bank-africa-bf', page 5: https://www.brvm.org/fr/rapports-societe-cotes/bank-africa-bf?page=5
[2026-08-04 22:04:16] Page 0 pour 'bank-africa-bf': 20 rapport(s), dont 20 nouveau(x)
[2026-08-04 22:04:16] Scraping des rapports pour 'bank-africa-bf', page 1: https://www.brvm.org/fr/rapports-societe-cotes/bank-africa-bf?page=1
[2026-08-04 22:04:16] Page 5 pour 'bank-africa-bf': 0 rapport(s), dont 0 nouveau(x)
[2026-08-04 22:04:16] 87 rapport(s) trouvé(s) au total pour 'bank-africa-bf'
[2026-08-04 22:04:20] Page 1 pour 'bank-africa-bf': 20 rapport(s), dont 20 nouveau(x)
[2026-08-04 22:04:20] Scraping des rapports pour 'bank-africa-bf', page 2: https://www.brvm.org/fr/rapports-societe-cotes/bank-africa-bf?page=2
[2026-08-04 22:04:27] Page 2 pour 'bank-africa-bf': 20 rapport(s), dont 20 nouveau(x)
[2026-08-04 22:04:27] Scraping des rapports pour 'bank-africa-bf', page 3: https://www.brvm.org/fr/rapports-societe-cotes/bank-africa-bf?page=3
[2026-08-04 22:04:30] Page 3 pour 'bank-africa-bf': 19 rapport(s), dont 19 nouveau(x)
[2026-08-04 22:04:30] Scraping des rapports pour 'bank-africa-bf', page 4: https://www.brvm.org/fr/rapports-societe-cotes/bank-africa-bf?page=4
[2026-08-04 22:04:34] Page 4 pour 'bank-africa-bf': 8 rapport(s), dont 8 nouveau(x)
[2026-08-04 22:04:34] Scraping des rapports pour 'bank-africa-bf', page 5: https://www.brvm.org/fr/rapports-societe-cotes/bank-africa-bf?page=5
[2026-08-04 22:04:38] Page 5 pour 'bank-africa-bf': 0 rapport(s), dont 0 nouveau(x)
[2026-08-04 22:04:38] 87 rapport(s) trouvé(s) au total pour 'bank-africa-bf'
[2026-08-04 22:29:10] Scraping des rapports pour 'servair-abidjan-ci', page 0: https://www.brvm.org/fr/rapports-societe-cotes/servair-abidjan-ci
[2026-08-04 22:29:12] Page 0 pour 'servair-abidjan-ci': 20 rapport(s), dont 20 nouveau(x)
[2026-08-04 22:29:12] Scraping des rapports pour 'servair-abidjan-ci', page 1: https://www.brvm.org/fr/rapports-societe-cotes/servair-abidjan-ci?page=1
[2026-08-04 22:29:15] Page 1 pour 'servair-abidjan-ci': 20 rapport(s), dont 20 nouveau(x)
[2026-08-04 22:29:15] Scraping des rapports pour 'servair-abidjan-ci', page 2: https://www.brvm.org/fr/rapports-societe-cotes/servair-abidjan-ci?page=2
[2026-08-04 22:29:17] Page 2 pour 'servair-abidjan-ci': 20 rapport(s), dont 20 nouveau(x)
[2026-08-04 22:29:17] Scraping des rapports pour 'servair-abidjan-ci', page 3: https://www.brvm.org/fr/rapports-societe-cotes/servair-abidjan-ci?page=3
[2026-08-04 22:29:19] Page 3 pour 'servair-abidjan-ci': 20 rapport(s), dont 20 nouveau(x)
[2026-08-04 22:29:19] Scraping des rapports pour 'servair-abidjan-ci', page 4: https://www.brvm.org/fr/rapports-societe-cotes/servair-abidjan-ci?page=4
[2026-08-04 22:29:22] Page 4 pour 'servair-abidjan-ci': 6 rapport(s), dont 4 nouveau(x)
[2026-08-04 22:29:22] Scraping des rapports pour 'servair-abidjan-ci', page 5: https://www.brvm.org/fr/rapports-societe-cotes/servair-abidjan-ci?page=5
[2026-08-04 22:29:24] Page 5 pour 'servair-abidjan-ci': 0 rapport(s), dont 0 nouveau(x)
[2026-08-04 22:29:24] 84 rapport(s) trouvé(s) au total pour 'servair-abidjan-ci'
[2026-08-04 22:39:35] Scraping des rapports pour 'servair-abidjan-ci', page 0: https://www.brvm.org/fr/rapports-societe-cotes/servair-abidjan-ci
[2026-08-04 22:39:38] Page 0 pour 'servair-abidjan-ci': 20 rapport(s), dont 20 nouveau(x)
[2026-08-04 22:39:38] Scraping des rapports pour 'servair-abidjan-ci', page 1: https://www.brvm.org/fr/rapports-societe-cotes/servair-abidjan-ci?page=1
[2026-08-04 22:39:39] Page 1 pour 'servair-abidjan-ci': 20 rapport(s), dont 20 nouveau(x)
[2026-08-04 22:39:39] Scraping des rapports pour 'servair-abidjan-ci', page 2: https://www.brvm.org/fr/rapports-societe-cotes/servair-abidjan-ci?page=2
[2026-08-04 22:39:41] Page 2 pour 'servair-abidjan-ci': 20 rapport(s), dont 20 nouveau(x)
[2026-08-04 22:39:41] Scraping des rapports pour 'servair-abidjan-ci', page 3: https://www.brvm.org/fr/rapports-societe-cotes/servair-abidjan-ci?page=3
[2026-08-04 22:39:43] Page 3 pour 'servair-abidjan-ci': 20 rapport(s), dont 20 nouveau(x)
[2026-08-04 22:39:43] Scraping des rapports pour 'servair-abidjan-ci', page 4: https://www.brvm.org/fr/rapports-societe-cotes/servair-abidjan-ci?page=4
[2026-08-04 22:39:45] Page 4 pour 'servair-abidjan-ci': 6 rapport(s), dont 6 nouveau(x)
[2026-08-04 22:39:45] Scraping des rapports pour 'servair-abidjan-ci', page 5: https://www.brvm.org/fr/rapports-societe-cotes/servair-abidjan-ci?page=5
[2026-08-04 22:39:46] Page 5 pour 'servair-abidjan-ci': 0 rapport(s), dont 0 nouveau(x)
[2026-08-04 22:39:46] 86 rapport(s) trouvé(s) au total pour 'servair-abidjan-ci'
[2026-08-07 07:24:09] Scraping des rapports pour 'palm-ci', page 0: https://www.brvm.org/fr/rapports-societe-cotes/palm-ci
[2026-08-07 07:24:11] Page 0 pour 'palm-ci': 20 rapport(s), dont 20 nouveau(x)
[2026-08-07 07:24:11] Scraping des rapports pour 'palm-ci', page 1: https://www.brvm.org/fr/rapports-societe-cotes/palm-ci?page=1
[2026-08-07 07:24:12] Page 1 pour 'palm-ci': 20 rapport(s), dont 20 nouveau(x)
[2026-08-07 07:24:12] Scraping des rapports pour 'palm-ci', page 2: https://www.brvm.org/fr/rapports-societe-cotes/palm-ci?page=2
[2026-08-07 07:24:14] Page 2 pour 'palm-ci': 20 rapport(s), dont 20 nouveau(x)
[2026-08-07 07:24:14] Scraping des rapports pour 'palm-ci', page 3: https://www.brvm.org/fr/rapports-societe-cotes/palm-ci?page=3
[2026-08-07 07:24:17] Page 3 pour 'palm-ci': 20 rapport(s), dont 20 nouveau(x)
[2026-08-07 07:24:17] Scraping des rapports pour 'palm-ci', page 4: https://www.brvm.org/fr/rapports-societe-cotes/palm-ci?page=4
[2026-08-07 07:24:18] Page 4 pour 'palm-ci': 13 rapport(s), dont 10 nouveau(x)
[2026-08-07 07:24:18] Scraping des rapports pour 'palm-ci', page 5: https://www.brvm.org/fr/rapports-societe-cotes/palm-ci?page=5
[2026-08-07 07:24:20] Page 5 pour 'palm-ci': 9 rapport(s), dont 7 nouveau(x)
[2026-08-07 07:24:20] Scraping des rapports pour 'palm-ci', page 6: https://www.brvm.org/fr/rapports-societe-cotes/palm-ci?page=6
[2026-08-07 07:24:23] Page 6 pour 'palm-ci': 0 rapport(s), dont 0 nouveau(x)
[2026-08-07 07:24:23] 97 rapport(s) trouvé(s) au total pour 'palm-ci'
[2026-08-07 07:42:00] Scraping des rapports pour 'sicor', page 0: https://www.brvm.org/fr/rapports-societe-cotes/sicor
[2026-08-07 07:42:02] Page 0 pour 'sicor': 20 rapport(s), dont 20 nouveau(x)
[2026-08-07 07:42:02] Scraping des rapports pour 'sicor', page 1: https://www.brvm.org/fr/rapports-societe-cotes/sicor?page=1
[2026-08-07 07:42:04] Page 1 pour 'sicor': 17 rapport(s), dont 17 nouveau(x)
[2026-08-07 07:42:04] Scraping des rapports pour 'sicor', page 2: https://www.brvm.org/fr/rapports-societe-cotes/sicor?page=2
[2026-08-07 07:42:05] Page 2 pour 'sicor': 0 rapport(s), dont 0 nouveau(x)
[2026-08-07 07:42:05] 37 rapport(s) trouvé(s) au total pour 'sicor'
[2026-08-07 07:50:56] Scraping des rapports pour 'setao-ci', page 0: https://www.brvm.org/fr/rapports-societe-cotes/setao-ci
[2026-08-07 07:50:58] Page 0 pour 'setao-ci': 20 rapport(s), dont 20 nouveau(x)
[2026-08-07 07:50:58] Scraping des rapports pour 'setao-ci', page 1: https://www.brvm.org/fr/rapports-societe-cotes/setao-ci?page=1
[2026-08-07 07:51:00] Page 1 pour 'setao-ci': 20 rapport(s), dont 20 nouveau(x)
[2026-08-07 07:51:00] Scraping des rapports pour 'setao-ci', page 2: https://www.brvm.org/fr/rapports-societe-cotes/setao-ci?page=2
[2026-08-07 07:51:02] Page 2 pour 'setao-ci': 14 rapport(s), dont 14 nouveau(x)
[2026-08-07 07:51:02] Scraping des rapports pour 'setao-ci', page 3: https://www.brvm.org/fr/rapports-societe-cotes/setao-ci?page=3
[2026-08-07 07:51:05] Page 3 pour 'setao-ci': 0 rapport(s), dont 0 nouveau(x)
[2026-08-07 07:51:05] 54 rapport(s) trouvé(s) au total pour 'setao-ci'
[2026-08-07 21:54:27] Scraping des rapports pour 'unilever-ci', page 0: https://www.brvm.org/fr/rapports-societe-cotes/unilever-ci
[2026-08-07 21:54:28] Page 0 pour 'unilever-ci': 20 rapport(s), dont 20 nouveau(x)
[2026-08-07 21:54:28] Scraping des rapports pour 'unilever-ci', page 1: https://www.brvm.org/fr/rapports-societe-cotes/unilever-ci?page=1
[2026-08-07 21:54:30] Page 1 pour 'unilever-ci': 5 rapport(s), dont 5 nouveau(x)
[2026-08-07 21:54:30] Scraping des rapports pour 'unilever-ci', page 2: https://www.brvm.org/fr/rapports-societe-cotes/unilever-ci?page=2
[2026-08-07 21:54:32] Page 2 pour 'unilever-ci': 0 rapport(s), dont 0 nouveau(x)
[2026-08-07 21:54:32] 25 rapport(s) trouvé(s) au total pour 'unilever-ci'
[2026-08-08 07:16:07] Scraping des rapports pour 'bank-africa-ci', page 0: https://www.brvm.org/fr/rapports-societe-cotes/bank-africa-ci
[2026-08-08 07:16:08] Page 0 pour 'bank-africa-ci': 20 rapport(s), dont 20 nouveau(x)
[2026-08-08 07:16:08] Scraping des rapports pour 'bank-africa-ci', page 1: https://www.brvm.org/fr/rapports-societe-cotes/bank-africa-ci?page=1
[2026-08-08 07:16:10] Page 1 pour 'bank-africa-ci': 20 rapport(s), dont 20 nouveau(x)
[2026-08-08 07:16:10] Scraping des rapports pour 'bank-africa-ci', page 2: https://www.brvm.org/fr/rapports-societe-cotes/bank-africa-ci?page=2
[2026-08-08 07:16:12] Page 2 pour 'bank-africa-ci': 20 rapport(s), dont 20 nouveau(x)
[2026-08-08 07:16:12] Scraping des rapports pour 'bank-africa-ci', page 3: https://www.brvm.org/fr/rapports-societe-cotes/bank-africa-ci?page=3
[2026-08-08 07:16:13] Page 3 pour 'bank-africa-ci': 16 rapport(s), dont 16 nouveau(x)
[2026-08-08 07:16:13] Scraping des rapports pour 'bank-africa-ci', page 4: https://www.brvm.org/fr/rapports-societe-cotes/bank-africa-ci?page=4
[2026-08-08 07:16:15] Page 4 pour 'bank-africa-ci': 0 rapport(s), dont 0 nouveau(x)
[2026-08-08 07:16:15] 76 rapport(s) trouvé(s) au total pour 'bank-africa-ci'
[2026-08-08 07:26:49] Scraping des rapports pour 'bank-africa-ng', page 0: https://www.brvm.org/fr/rapports-societe-cotes/bank-africa-ng
[2026-08-08 07:26:51] Page 0 pour 'bank-africa-ng': 20 rapport(s), dont 20 nouveau(x)
[2026-08-08 07:26:51] Scraping des rapports pour 'bank-africa-ng', page 1: https://www.brvm.org/fr/rapports-societe-cotes/bank-africa-ng?page=1
[2026-08-08 07:26:53] Page 1 pour 'bank-africa-ng': 20 rapport(s), dont 20 nouveau(x)
[2026-08-08 07:26:53] Scraping des rapports pour 'bank-africa-ng', page 2: https://www.brvm.org/fr/rapports-societe-cotes/bank-africa-ng?page=2
[2026-08-08 07:26:55] Page 2 pour 'bank-africa-ng': 20 rapport(s), dont 20 nouveau(x)
[2026-08-08 07:26:55] Scraping des rapports pour 'bank-africa-ng', page 3: https://www.brvm.org/fr/rapports-societe-cotes/bank-africa-ng?page=3
[2026-08-08 07:26:57] Page 3 pour 'bank-africa-ng': 19 rapport(s), dont 19 nouveau(x)
[2026-08-08 07:26:57] Scraping des rapports pour 'bank-africa-ng', page 4: https://www.brvm.org/fr/rapports-societe-cotes/bank-africa-ng?page=4
[2026-08-08 07:26:59] Page 4 pour 'bank-africa-ng': 13 rapport(s), dont 13 nouveau(x)
[2026-08-08 07:26:59] Scraping des rapports pour 'bank-africa-ng', page 5: https://www.brvm.org/fr/rapports-societe-cotes/bank-africa-ng?page=5
[2026-08-08 07:27:00] Page 5 pour 'bank-africa-ng': 0 rapport(s), dont 0 nouveau(x)
[2026-08-08 07:27:00] 92 rapport(s) trouvé(s) au total pour 'bank-africa-ng'
[2026-08-08 07:50:58] Scraping des rapports pour 'sicable', page 0: https://www.brvm.org/fr/rapports-societe-cotes/sicable
[2026-08-08 07:51:00] Page 0 pour 'sicable': 20 rapport(s), dont 20 nouveau(x)
[2026-08-08 07:51:00] Scraping des rapports pour 'sicable', page 1: https://www.brvm.org/fr/rapports-societe-cotes/sicable?page=1
[2026-08-08 07:51:01] Page 1 pour 'sicable': 20 rapport(s), dont 20 nouveau(x)
[2026-08-08 07:51:01] Scraping des rapports pour 'sicable', page 2: https://www.brvm.org/fr/rapports-societe-cotes/sicable?page=2
[2026-08-08 07:51:03] Page 2 pour 'sicable': 20 rapport(s), dont 20 nouveau(x)
[2026-08-08 07:51:03] Scraping des rapports pour 'sicable', page 3: https://www.brvm.org/fr/rapports-societe-cotes/sicable?page=3
[2026-08-08 07:51:04] Page 3 pour 'sicable': 20 rapport(s), dont 20 nouveau(x)
[2026-08-08 07:51:04] Scraping des rapports pour 'sicable', page 4: https://www.brvm.org/fr/rapports-societe-cotes/sicable?page=4
[2026-08-08 07:51:06] Page 4 pour 'sicable': 15 rapport(s), dont 15 nouveau(x)
[2026-08-08 07:51:06] Scraping des rapports pour 'sicable', page 5: https://www.brvm.org/fr/rapports-societe-cotes/sicable?page=5
[2026-08-08 07:51:08] Page 5 pour 'sicable': 0 rapport(s), dont 0 nouveau(x)
[2026-08-08 07:51:08] 95 rapport(s) trouvé(s) au total pour 'sicable'
[2026-08-09 09:06:45] Scraping des rapports pour 'sicor', page 0: https://www.brvm.org/fr/rapports-societe-cotes/sicor
[2026-08-09 09:06:47] Page 0 pour 'sicor': 20 rapport(s), dont 20 nouveau(x)
[2026-08-09 09:06:47] Scraping des rapports pour 'sicor', page 1: https://www.brvm.org/fr/rapports-societe-cotes/sicor?page=1
[2026-08-09 09:06:49] Page 1 pour 'sicor': 17 rapport(s), dont 17 nouveau(x)
[2026-08-09 09:06:49] Scraping des rapports pour 'sicor', page 2: https://www.brvm.org/fr/rapports-societe-cotes/sicor?page=2
[2026-08-09 09:06:51] Page 2 pour 'sicor': 0 rapport(s), dont 0 nouveau(x)
[2026-08-09 09:06:51] 37 rapport(s) trouvé(s) au total pour 'sicor'
[2026-08-09 09:07:01] Scraping des rapports pour 'coris-bank-international', page 0: https://www.brvm.org/fr/rapports-societe-cotes/coris-bank-international
[2026-08-09 09:07:03] Page 0 pour 'coris-bank-international': 18 rapport(s), dont 18 nouveau(x)
[2026-08-09 09:07:03] Scraping des rapports pour 'coris-bank-international', page 1: https://www.brvm.org/fr/rapports-societe-cotes/coris-bank-international?page=1
[2026-08-09 09:07:05] Page 1 pour 'coris-bank-international': 0 rapport(s), dont 0 nouveau(x)
[2026-08-09 09:07:05] 18 rapport(s) trouvé(s) au total pour 'coris-bank-international'
[2026-08-09 09:41:47] Scraping des rapports pour 'coris-bank-international', page 0: https://www.brvm.org/fr/rapports-societe-cotes/coris-bank-international
[2026-08-09 09:41:49] Page 0 pour 'coris-bank-international': 18 rapport(s), dont 18 nouveau(x)
[2026-08-09 09:41:49] Scraping des rapports pour 'coris-bank-international', page 1: https://www.brvm.org/fr/rapports-societe-cotes/coris-bank-international?page=1
[2026-08-09 09:41:50] Page 1 pour 'coris-bank-international': 0 rapport(s), dont 0 nouveau(x)
[2026-08-09 09:41:50] 18 rapport(s) trouvé(s) au total pour 'coris-bank-international'
[2026-08-09 09:42:02] Scraping des rapports pour 'bank-africa-ml', page 0: https://www.brvm.org/fr/rapports-societe-cotes/bank-africa-ml
[2026-08-09 09:42:04] Page 0 pour 'bank-africa-ml': 20 rapport(s), dont 20 nouveau(x)
[2026-08-09 09:42:04] Scraping des rapports pour 'bank-africa-ml', page 1: https://www.brvm.org/fr/rapports-societe-cotes/bank-africa-ml?page=1
[2026-08-09 09:42:06] Page 1 pour 'bank-africa-ml': 20 rapport(s), dont 20 nouveau(x)
[2026-08-09 09:42:06] Scraping des rapports pour 'bank-africa-ml', page 2: https://www.brvm.org/fr/rapports-societe-cotes/bank-africa-ml?page=2
[2026-08-09 09:42:08] Page 2 pour 'bank-africa-ml': 20 rapport(s), dont 20 nouveau(x)
[2026-08-09 09:42:08] Scraping des rapports pour 'bank-africa-ml', page 3: https://www.brvm.org/fr/rapports-societe-cotes/bank-africa-ml?page=3
[2026-08-09 09:42:10] Page 3 pour 'bank-africa-ml': 3 rapport(s), dont 3 nouveau(x)
[2026-08-09 09:42:10] Scraping des rapports pour 'bank-africa-ml', page 4: https://www.brvm.org/fr/rapports-societe-cotes/bank-africa-ml?page=4
[2026-08-09 09:42:11] Scraping des rapports pour 'bank-africa-ml', page 0: https://www.brvm.org/fr/rapports-societe-cotes/bank-africa-ml
[2026-08-09 09:42:12] Page 4 pour 'bank-africa-ml': 0 rapport(s), dont 0 nouveau(x)
[2026-08-09 09:42:12] 63 rapport(s) trouvé(s) au total pour 'bank-africa-ml'
[2026-08-09 09:42:12] Page 0 pour 'bank-africa-ml': 20 rapport(s), dont 20 nouveau(x)
[2026-08-09 09:42:12] Scraping des rapports pour 'bank-africa-ml', page 1: https://www.brvm.org/fr/rapports-societe-cotes/bank-africa-ml?page=1
[2026-08-09 09:42:15] Page 1 pour 'bank-africa-ml': 20 rapport(s), dont 20 nouveau(x)
[2026-08-09 09:42:15] Scraping des rapports pour 'bank-africa-ml', page 2: https://www.brvm.org/fr/rapports-societe-cotes/bank-africa-ml?page=2
[2026-08-09 09:42:17] Page 2 pour 'bank-africa-ml': 20 rapport(s), dont 20 nouveau(x)
[2026-08-09 09:42:17] Scraping des rapports pour 'bank-africa-ml', page 3: https://www.brvm.org/fr/rapports-societe-cotes/bank-africa-ml?page=3
[2026-08-09 09:42:19] Page 3 pour 'bank-africa-ml': 3 rapport(s), dont 3 nouveau(x)
[2026-08-09 09:42:19] Scraping des rapports pour 'bank-africa-ml', page 4: https://www.brvm.org/fr/rapports-societe-cotes/bank-africa-ml?page=4
[2026-08-09 09:42:21] Page 4 pour 'bank-africa-ml': 0 rapport(s), dont 0 nouveau(x)
[2026-08-09 09:42:21] 63 rapport(s) trouvé(s) au total pour 'bank-africa-ml'
[2026-08-09 09:42:25] Scraping des rapports pour 'uniwax-ci', page 0: https://www.brvm.org/fr/rapports-societe-cotes/uniwax-ci
[2026-08-09 09:42:27] Page 0 pour 'uniwax-ci': 20 rapport(s), dont 20 nouveau(x)
[2026-08-09 09:42:27] Scraping des rapports pour 'uniwax-ci', page 1: https://www.brvm.org/fr/rapports-societe-cotes/uniwax-ci?page=1
[2026-08-09 09:42:29] Page 1 pour 'uniwax-ci': 20 rapport(s), dont 20 nouveau(x)
[2026-08-09 09:42:29] Scraping des rapports pour 'uniwax-ci', page 2: https://www.brvm.org/fr/rapports-societe-cotes/uniwax-ci?page=2
[2026-08-09 09:42:31] Page 2 pour 'uniwax-ci': 20 rapport(s), dont 20 nouveau(x)
[2026-08-09 09:42:31] Scraping des rapports pour 'uniwax-ci', page 3: https://www.brvm.org/fr/rapports-societe-cotes/uniwax-ci?page=3
[2026-08-09 09:42:32] Page 3 pour 'uniwax-ci': 20 rapport(s), dont 20 nouveau(x)
[2026-08-09 09:42:32] Scraping des rapports pour 'uniwax-ci', page 4: https://www.brvm.org/fr/rapports-societe-cotes/uniwax-ci?page=4
[2026-08-09 09:42:34] Page 4 pour 'uniwax-ci': 8 rapport(s), dont 8 nouveau(x)
[2026-08-09 09:42:34] Scraping des rapports pour 'uniwax-ci', page 5: https://www.brvm.org/fr/rapports-societe-cotes/uniwax-ci?page=5
[2026-08-09 09:42:35] Page 5 pour 'uniwax-ci': 0 rapport(s), dont 0 nouveau(x)
[2026-08-09 09:42:35] 88 rapport(s) trouvé(s) au total pour 'uniwax-ci'
[2026-08-09 12:25:06] Scraping des rapports pour 'cfao-motors-ci', page 0: https://www.brvm.org/fr/rapports-societe-cotes/cfao-motors-ci
[2026-08-09 12:25:09] Page 0 pour 'cfao-motors-ci': 20 rapport(s), dont 20 nouveau(x)
[2026-08-09 12:25:09] Scraping des rapports pour 'cfao-motors-ci', page 1: https://www.brvm.org/fr/rapports-societe-cotes/cfao-motors-ci?page=1
[2026-08-09 12:25:10] Page 1 pour 'cfao-motors-ci': 20 rapport(s), dont 20 nouveau(x)
[2026-08-09 12:25:10] Scraping des rapports pour 'cfao-motors-ci', page 2: https://www.brvm.org/fr/rapports-societe-cotes/cfao-motors-ci?page=2
[2026-08-09 12:25:12] Page 2 pour 'cfao-motors-ci': 18 rapport(s), dont 18 nouveau(x)
[2026-08-09 12:25:12] Scraping des rapports pour 'cfao-motors-ci', page 3: https://www.brvm.org/fr/rapports-societe-cotes/cfao-motors-ci?page=3
[2026-08-09 12:25:13] Scraping des rapports pour 'sitab', page 0: https://www.brvm.org/fr/rapports-societe-cotes/sitab
[2026-08-09 12:25:15] Page 3 pour 'cfao-motors-ci': 19 rapport(s), dont 19 nouveau(x)
[2026-08-09 12:25:15] Scraping des rapports pour 'cfao-motors-ci', page 4: https://www.brvm.org/fr/rapports-societe-cotes/cfao-motors-ci?page=4
[2026-08-09 12:25:16] Page 0 pour 'sitab': 20 rapport(s), dont 20 nouveau(x)
[2026-08-09 12:25:16] Scraping des rapports pour 'sitab', page 1: https://www.brvm.org/fr/rapports-societe-cotes/sitab?page=1
[2026-08-09 12:25:16] Page 4 pour 'cfao-motors-ci': 18 rapport(s), dont 18 nouveau(x)
[2026-08-09 12:25:16] Scraping des rapports pour 'cfao-motors-ci', page 5: https://www.brvm.org/fr/rapports-societe-cotes/cfao-motors-ci?page=5
[2026-08-09 12:25:18] Page 5 pour 'cfao-motors-ci': 17 rapport(s), dont 17 nouveau(x)
[2026-08-09 12:25:18] Scraping des rapports pour 'cfao-motors-ci', page 6: https://www.brvm.org/fr/rapports-societe-cotes/cfao-motors-ci?page=6
[2026-08-09 12:25:18] Page 1 pour 'sitab': 20 rapport(s), dont 20 nouveau(x)
[2026-08-09 12:25:18] Scraping des rapports pour 'sitab', page 2: https://www.brvm.org/fr/rapports-societe-cotes/sitab?page=2
[2026-08-09 12:25:20] Scraping des rapports pour 'saph-ci', page 0: https://www.brvm.org/fr/rapports-societe-cotes/saph-ci
[2026-08-09 12:25:21] Page 6 pour 'cfao-motors-ci': 5 rapport(s), dont 4 nouveau(x)
[2026-08-09 12:25:21] Scraping des rapports pour 'cfao-motors-ci', page 7: https://www.brvm.org/fr/rapports-societe-cotes/cfao-motors-ci?page=7
[2026-08-09 12:25:21] Page 2 pour 'sitab': 20 rapport(s), dont 20 nouveau(x)
[2026-08-09 12:25:21] Scraping des rapports pour 'sitab', page 3: https://www.brvm.org/fr/rapports-societe-cotes/sitab?page=3
[2026-08-09 12:25:22] Page 0 pour 'saph-ci': 20 rapport(s), dont 20 nouveau(x)
[2026-08-09 12:25:22] Scraping des rapports pour 'saph-ci', page 1: https://www.brvm.org/fr/rapports-societe-cotes/saph-ci?page=1
[2026-08-09 12:25:23] Page 7 pour 'cfao-motors-ci': 0 rapport(s), dont 0 nouveau(x)
[2026-08-09 12:25:23] 116 rapport(s) trouvé(s) au total pour 'cfao-motors-ci'
[2026-08-09 12:25:23] Page 3 pour 'sitab': 20 rapport(s), dont 20 nouveau(x)
[2026-08-09 12:25:23] Scraping des rapports pour 'sitab', page 4: https://www.brvm.org/fr/rapports-societe-cotes/sitab?page=4
[2026-08-09 12:25:24] Page 1 pour 'saph-ci': 20 rapport(s), dont 20 nouveau(x)
[2026-08-09 12:25:24] Scraping des rapports pour 'saph-ci', page 2: https://www.brvm.org/fr/rapports-societe-cotes/saph-ci?page=2
[2026-08-09 12:25:24] Page 4 pour 'sitab': 16 rapport(s), dont 16 nouveau(x)
[2026-08-09 12:25:24] Scraping des rapports pour 'sitab', page 5: https://www.brvm.org/fr/rapports-societe-cotes/sitab?page=5
[2026-08-09 12:25:26] Page 5 pour 'sitab': 0 rapport(s), dont 0 nouveau(x)
[2026-08-09 12:25:26] 96 rapport(s) trouvé(s) au total pour 'sitab'
[2026-08-09 12:25:27] Page 2 pour 'saph-ci': 20 rapport(s), dont 20 nouveau(x)
[2026-08-09 12:25:27] Scraping des rapports pour 'saph-ci', page 3: https://www.brvm.org/fr/rapports-societe-cotes/saph-ci?page=3
[2026-08-09 12:25:29] Page 3 pour 'saph-ci': 19 rapport(s), dont 19 nouveau(x)
[2026-08-09 12:25:29] Scraping des rapports pour 'saph-ci', page 4: https://www.brvm.org/fr/rapports-societe-cotes/saph-ci?page=4
[2026-08-09 12:25:31] Page 4 pour 'saph-ci': 20 rapport(s), dont 20 nouveau(x)
[2026-08-09 12:25:31] Scraping des rapports pour 'saph-ci', page 5: https://www.brvm.org/fr/rapports-societe-cotes/saph-ci?page=5
[2026-08-09 12:25:33] Page 5 pour 'saph-ci': 20 rapport(s), dont 20 nouveau(x)
[2026-08-09 12:25:33] Scraping des rapports pour 'saph-ci', page 6: https://www.brvm.org/fr/rapports-societe-cotes/saph-ci?page=6
[2026-08-09 12:25:34] Scraping des rapports pour 'sucrivoire', page 0: https://www.brvm.org/fr/rapports-societe-cotes/sucrivoire
[2026-08-09 12:25:35] Page 6 pour 'saph-ci': 6 rapport(s), dont 6 nouveau(x)
[2026-08-09 12:25:35] Scraping des rapports pour 'saph-ci', page 7: https://www.brvm.org/fr/rapports-societe-cotes/saph-ci?page=7
[2026-08-09 12:25:36] Page 0 pour 'sucrivoire': 20 rapport(s), dont 20 nouveau(x)
[2026-08-09 12:25:36] Scraping des rapports pour 'sucrivoire', page 1: https://www.brvm.org/fr/rapports-societe-cotes/sucrivoire?page=1
[2026-08-09 12:25:36] Page 7 pour 'saph-ci': 0 rapport(s), dont 0 nouveau(x)
[2026-08-09 12:25:36] 125 rapport(s) trouvé(s) au total pour 'saph-ci'
[2026-08-09 12:25:38] Page 1 pour 'sucrivoire': 20 rapport(s), dont 20 nouveau(x)
[2026-08-09 12:25:38] Scraping des rapports pour 'sucrivoire', page 2: https://www.brvm.org/fr/rapports-societe-cotes/sucrivoire?page=2
[2026-08-09 12:25:40] Page 2 pour 'sucrivoire': 8 rapport(s), dont 8 nouveau(x)
[2026-08-09 12:25:40] Scraping des rapports pour 'sucrivoire', page 3: https://www.brvm.org/fr/rapports-societe-cotes/sucrivoire?page=3
[2026-08-09 12:25:41] Page 3 pour 'sucrivoire': 0 rapport(s), dont 0 nouveau(x)
[2026-08-09 12:25:41] 48 rapport(s) trouvé(s) au total pour 'sucrivoire'
[2026-08-09 22:26:58] Scraping des rapports pour 'sogb', page 0: https://www.brvm.org/fr/rapports-societe-cotes/sogb
[2026-08-09 22:27:00] Page 0 pour 'sogb': 20 rapport(s), dont 20 nouveau(x)
[2026-08-09 22:27:00] Scraping des rapports pour 'sogb', page 1: https://www.brvm.org/fr/rapports-societe-cotes/sogb?page=1
[2026-08-09 22:27:03] Page 1 pour 'sogb': 20 rapport(s), dont 20 nouveau(x)
[2026-08-09 22:27:03] Scraping des rapports pour 'sogb', page 2: https://www.brvm.org/fr/rapports-societe-cotes/sogb?page=2
[2026-08-09 22:27:05] Page 2 pour 'sogb': 20 rapport(s), dont 20 nouveau(x)
[2026-08-09 22:27:05] Scraping des rapports pour 'sogb', page 3: https://www.brvm.org/fr/rapports-societe-cotes/sogb?page=3
[2026-08-09 22:27:07] Page 3 pour 'sogb': 20 rapport(s), dont 20 nouveau(x)
[2026-08-09 22:27:07] Scraping des rapports pour 'sogb', page 4: https://www.brvm.org/fr/rapports-societe-cotes/sogb?page=4
[2026-08-09 22:27:09] Page 4 pour 'sogb': 20 rapport(s), dont 20 nouveau(x)
[2026-08-09 22:27:09] Scraping des rapports pour 'sogb', page 5: https://www.brvm.org/fr/rapports-societe-cotes/sogb?page=5
[2026-08-09 22:27:11] Page 5 pour 'sogb': 7 rapport(s), dont 6 nouveau(x)
[2026-08-09 22:27:11] Scraping des rapports pour 'sogb', page 6: https://www.brvm.org/fr/rapports-societe-cotes/sogb?page=6
[2026-08-09 22:27:13] Page 6 pour 'sogb': 0 rapport(s), dont 0 nouveau(x)
[2026-08-09 22:27:13] 106 rapport(s) trouvé(s) au total pour 'sogb'
[2026-08-09 22:28:20] Scraping des rapports pour 'smb', page 0: https://www.brvm.org/fr/rapports-societe-cotes/smb
[2026-08-09 22:28:21] Page 0 pour 'smb': 20 rapport(s), dont 20 nouveau(x)
[2026-08-09 22:28:21] Scraping des rapports pour 'smb', page 1: https://www.brvm.org/fr/rapports-societe-cotes/smb?page=1
[2026-08-09 22:28:24] Page 1 pour 'smb': 20 rapport(s), dont 20 nouveau(x)
[2026-08-09 22:28:24] Scraping des rapports pour 'smb', page 2: https://www.brvm.org/fr/rapports-societe-cotes/smb?page=2
[2026-08-09 22:28:27] Page 2 pour 'smb': 20 rapport(s), dont 20 nouveau(x)
[2026-08-09 22:28:27] Scraping des rapports pour 'smb', page 3: https://www.brvm.org/fr/rapports-societe-cotes/smb?page=3
[2026-08-09 22:28:28] Page 3 pour 'smb': 20 rapport(s), dont 20 nouveau(x)
[2026-08-09 22:28:28] Scraping des rapports pour 'smb', page 4: https://www.brvm.org/fr/rapports-societe-cotes/smb?page=4
[2026-08-09 22:28:30] Page 4 pour 'smb': 20 rapport(s), dont 20 nouveau(x)
[2026-08-09 22:28:30] Scraping des rapports pour 'smb', page 5: https://www.brvm.org/fr/rapports-societe-cotes/smb?page=5
[2026-08-09 22:28:32] Page 5 pour 'smb': 7 rapport(s), dont 7 nouveau(x)
[2026-08-09 22:28:32] Scraping des rapports pour 'smb', page 6: https://www.brvm.org/fr/rapports-societe-cotes/smb?page=6
[2026-08-09 22:28:34] Page 6 pour 'smb': 0 rapport(s), dont 0 nouveau(x)
[2026-08-09 22:28:34] 107 rapport(s) trouvé(s) au total pour 'smb'
[2026-08-10 05:52:51] Scraping des rapports pour 'sogb', page 0: https://www.brvm.org/fr/rapports-societe-cotes/sogb
[2026-08-10 05:52:55] Page 0 pour 'sogb': 20 rapport(s), dont 20 nouveau(x)
[2026-08-10 05:52:55] Scraping des rapports pour 'sogb', page 1: https://www.brvm.org/fr/rapports-societe-cotes/sogb?page=1
[2026-08-10 05:52:56] Page 1 pour 'sogb': 20 rapport(s), dont 20 nouveau(x)
[2026-08-10 05:52:56] Scraping des rapports pour 'sogb', page 2: https://www.brvm.org/fr/rapports-societe-cotes/sogb?page=2
[2026-08-10 05:52:58] Page 2 pour 'sogb': 20 rapport(s), dont 20 nouveau(x)
[2026-08-10 05:52:58] Scraping des rapports pour 'sogb', page 3: https://www.brvm.org/fr/rapports-societe-cotes/sogb?page=3
[2026-08-10 05:52:59] Page 3 pour 'sogb': 20 rapport(s), dont 20 nouveau(x)
[2026-08-10 05:52:59] Scraping des rapports pour 'sogb', page 4: https://www.brvm.org/fr/rapports-societe-cotes/sogb?page=4
[2026-08-10 05:53:01] Page 4 pour 'sogb': 20 rapport(s), dont 20 nouveau(x)
[2026-08-10 05:53:01] Scraping des rapports pour 'sogb', page 5: https://www.brvm.org/fr/rapports-societe-cotes/sogb?page=5
[2026-08-10 05:53:02] Page 5 pour 'sogb': 7 rapport(s), dont 6 nouveau(x)
[2026-08-10 05:53:02] Scraping des rapports pour 'sogb', page 6: https://www.brvm.org/fr/rapports-societe-cotes/sogb?page=6
[2026-08-10 05:53:04] Page 6 pour 'sogb': 0 rapport(s), dont 0 nouveau(x)
[2026-08-10 05:53:04] 106 rapport(s) trouvé(s) au total pour 'sogb'
[2026-08-10 06:24:23] Scraping des rapports pour 'ecobank-ci', page 0: https://www.brvm.org/fr/rapports-societe-cotes/ecobank-ci
[2026-08-10 06:24:24] Page 0 pour 'ecobank-ci': 20 rapport(s), dont 20 nouveau(x)
[2026-08-10 06:24:24] Scraping des rapports pour 'ecobank-ci', page 1: https://www.brvm.org/fr/rapports-societe-cotes/ecobank-ci?page=1
[2026-08-10 06:24:26] Page 1 pour 'ecobank-ci': 20 rapport(s), dont 20 nouveau(x)
[2026-08-10 06:24:26] Scraping des rapports pour 'ecobank-ci', page 2: https://www.brvm.org/fr/rapports-societe-cotes/ecobank-ci?page=2
[2026-08-10 06:24:28] Page 2 pour 'ecobank-ci': 4 rapport(s), dont 4 nouveau(x)
[2026-08-10 06:24:28] Scraping des rapports pour 'ecobank-ci', page 3: https://www.brvm.org/fr/rapports-societe-cotes/ecobank-ci?page=3
[2026-08-10 06:24:29] Page 3 pour 'ecobank-ci': 0 rapport(s), dont 0 nouveau(x)
[2026-08-10 06:24:29] 44 rapport(s) trouvé(s) au total pour 'ecobank-ci'
[2026-08-10 06:27:31] Scraping des rapports pour 'filtisac-ci', page 0: https://www.brvm.org/fr/rapports-societe-cotes/filtisac-ci
[2026-08-10 06:27:33] Page 0 pour 'filtisac-ci': 20 rapport(s), dont 20 nouveau(x)
[2026-08-10 06:27:33] Scraping des rapports pour 'filtisac-ci', page 1: https://www.brvm.org/fr/rapports-societe-cotes/filtisac-ci?page=1
[2026-08-10 06:27:35] Page 1 pour 'filtisac-ci': 20 rapport(s), dont 20 nouveau(x)
[2026-08-10 06:27:35] Scraping des rapports pour 'filtisac-ci', page 2: https://www.brvm.org/fr/rapports-societe-cotes/filtisac-ci?page=2
[2026-08-10 06:27:37] Page 2 pour 'filtisac-ci': 20 rapport(s), dont 20 nouveau(x)
[2026-08-10 06:27:37] Scraping des rapports pour 'filtisac-ci', page 3: https://www.brvm.org/fr/rapports-societe-cotes/filtisac-ci?page=3
[2026-08-10 06:27:39] Page 3 pour 'filtisac-ci': 20 rapport(s), dont 20 nouveau(x)
[2026-08-10 06:27:39] Scraping des rapports pour 'filtisac-ci', page 4: https://www.brvm.org/fr/rapports-societe-cotes/filtisac-ci?page=4
[2026-08-10 06:27:41] Page 4 pour 'filtisac-ci': 16 rapport(s), dont 14 nouveau(x)
[2026-08-10 06:27:41] Scraping des rapports pour 'filtisac-ci', page 5: https://www.brvm.org/fr/rapports-societe-cotes/filtisac-ci?page=5
[2026-08-10 06:27:47] Page 5 pour 'filtisac-ci': 0 rapport(s), dont 0 nouveau(x)
[2026-08-10 06:27:47] 94 rapport(s) trouvé(s) au total pour 'filtisac-ci'
[2026-08-15 22:23:45] Scraping des rapports pour 'servair-abidjan-ci', page 0: https://www.brvm.org/fr/rapports-societe-cotes/servair-abidjan-ci
[2026-08-15 22:23:47] Page 0 pour 'servair-abidjan-ci': 20 rapport(s), dont 20 nouveau(x)
[2026-08-15 22:23:47] Scraping des rapports pour 'servair-abidjan-ci', page 1: https://www.brvm.org/fr/rapports-societe-cotes/servair-abidjan-ci?page=1
[2026-08-15 22:23:48] Page 1 pour 'servair-abidjan-ci': 20 rapport(s), dont 20 nouveau(x)
[2026-08-15 22:23:48] Scraping des rapports pour 'servair-abidjan-ci', page 2: https://www.brvm.org/fr/rapports-societe-cotes/servair-abidjan-ci?page=2
[2026-08-15 22:23:50] Page 2 pour 'servair-abidjan-ci': 20 rapport(s), dont 20 nouveau(x)
[2026-08-15 22:23:50] Scraping des rapports pour 'servair-abidjan-ci', page 3: https://www.brvm.org/fr/rapports-societe-cotes/servair-abidjan-ci?page=3
[2026-08-15 22:23:52] Page 3 pour 'servair-abidjan-ci': 20 rapport(s), dont 20 nouveau(x)
[2026-08-15 22:23:52] Scraping des rapports pour 'servair-abidjan-ci', page 4: https://www.brvm.org/fr/rapports-societe-cotes/servair-abidjan-ci?page=4
[2026-08-15 22:23:53] Page 4 pour 'servair-abidjan-ci': 6 rapport(s), dont 4 nouveau(x)
[2026-08-15 22:23:53] Scraping des rapports pour 'servair-abidjan-ci', page 5: https://www.brvm.org/fr/rapports-societe-cotes/servair-abidjan-ci?page=5
[2026-08-15 22:23:55] Page 5 pour 'servair-abidjan-ci': 0 rapport(s), dont 0 nouveau(x)
[2026-08-15 22:23:55] 84 rapport(s) trouvé(s) au total pour 'servair-abidjan-ci'
[2026-08-15 23:20:08] Scraping des rapports pour 'cfao-motors-ci', page 0: https://www.brvm.org/fr/rapports-societe-cotes/cfao-motors-ci
[2026-08-15 23:20:16] Page 0 pour 'cfao-motors-ci': 20 rapport(s), dont 20 nouveau(x)
[2026-08-15 23:20:16] Scraping des rapports pour 'cfao-motors-ci', page 1: https://www.brvm.org/fr/rapports-societe-cotes/cfao-motors-ci?page=1
[2026-08-15 23:20:21] Page 1 pour 'cfao-motors-ci': 20 rapport(s), dont 20 nouveau(x)
[2026-08-15 23:20:21] Scraping des rapports pour 'cfao-motors-ci', page 2: https://www.brvm.org/fr/rapports-societe-cotes/cfao-motors-ci?page=2
[2026-08-15 23:20:23] Page 2 pour 'cfao-motors-ci': 18 rapport(s), dont 18 nouveau(x)
[2026-08-15 23:20:23] Scraping des rapports pour 'cfao-motors-ci', page 3: https://www.brvm.org/fr/rapports-societe-cotes/cfao-motors-ci?page=3
[2026-08-15 23:20:24] Page 3 pour 'cfao-motors-ci': 19 rapport(s), dont 19 nouveau(x)
[2026-08-15 23:20:24] Scraping des rapports pour 'cfao-motors-ci', page 4: https://www.brvm.org/fr/rapports-societe-cotes/cfao-motors-ci?page=4
[2026-08-15 23:20:27] Page 4 pour 'cfao-motors-ci': 18 rapport(s), dont 17 nouveau(x)
[2026-08-15 23:20:27] Scraping des rapports pour 'cfao-motors-ci', page 5: https://www.brvm.org/fr/rapports-societe-cotes/cfao-motors-ci?page=5
[2026-08-15 23:20:29] Page 5 pour 'cfao-motors-ci': 17 rapport(s), dont 17 nouveau(x)
[2026-08-15 23:20:29] Scraping des rapports pour 'cfao-motors-ci', page 6: https://www.brvm.org/fr/rapports-societe-cotes/cfao-motors-ci?page=6
[2026-08-15 23:20:31] Page 6 pour 'cfao-motors-ci': 5 rapport(s), dont 5 nouveau(x)
[2026-08-15 23:20:31] Scraping des rapports pour 'cfao-motors-ci', page 7: https://www.brvm.org/fr/rapports-societe-cotes/cfao-motors-ci?page=7
[2026-08-15 23:20:32] Page 7 pour 'cfao-motors-ci': 0 rapport(s), dont 0 nouveau(x)
[2026-08-15 23:20:32] 116 rapport(s) trouvé(s) au total pour 'cfao-motors-ci'
[2026-08-16 07:04:06] Scraping des rapports pour 'solibra', page 0: https://www.brvm.org/fr/rapports-societe-cotes/solibra
[2026-08-16 07:04:08] Page 0 pour 'solibra': 20 rapport(s), dont 20 nouveau(x)
[2026-08-16 07:04:08] Scraping des rapports pour 'solibra', page 1: https://www.brvm.org/fr/rapports-societe-cotes/solibra?page=1
[2026-08-16 07:04:10] Page 1 pour 'solibra': 20 rapport(s), dont 20 nouveau(x)
[2026-08-16 07:04:10] Scraping des rapports pour 'solibra', page 2: https://www.brvm.org/fr/rapports-societe-cotes/solibra?page=2
[2026-08-16 07:04:12] Page 2 pour 'solibra': 20 rapport(s), dont 20 nouveau(x)
[2026-08-16 07:04:12] Scraping des rapports pour 'solibra', page 3: https://www.brvm.org/fr/rapports-societe-cotes/solibra?page=3
[2026-08-16 07:04:14] Page 3 pour 'solibra': 12 rapport(s), dont 12 nouveau(x)
[2026-08-16 07:04:14] Scraping des rapports pour 'solibra', page 4: https://www.brvm.org/fr/rapports-societe-cotes/solibra?page=4
[2026-08-16 07:04:16] Page 4 pour 'solibra': 0 rapport(s), dont 0 nouveau(x)
[2026-08-16 07:04:16] 72 rapport(s) trouvé(s) au total pour 'solibra'
[2026-08-16 07:42:33] Scraping des rapports pour 'orange-ci', page 0: https://www.brvm.org/fr/rapports-societe-cotes/orange-ci
[2026-08-16 07:42:35] Page 0 pour 'orange-ci': 20 rapport(s), dont 20 nouveau(x)
[2026-08-16 07:42:35] Scraping des rapports pour 'orange-ci', page 1: https://www.brvm.org/fr/rapports-societe-cotes/orange-ci?page=1
[2026-08-16 07:42:37] Page 1 pour 'orange-ci': 4 rapport(s), dont 4 nouveau(x)
[2026-08-16 07:42:37] Scraping des rapports pour 'orange-ci', page 2: https://www.brvm.org/fr/rapports-societe-cotes/orange-ci?page=2
[2026-08-16 07:42:39] Page 2 pour 'orange-ci': 0 rapport(s), dont 0 nouveau(x)
[2026-08-16 07:42:39] 24 rapport(s) trouvé(s) au total pour 'orange-ci'
[2026-08-16 07:44:44] Scraping des rapports pour 'oragroup', page 0: https://www.brvm.org/fr/rapports-societe-cotes/oragroup
[2026-08-16 07:44:46] Page 0 pour 'oragroup': 20 rapport(s), dont 20 nouveau(x)
[2026-08-16 07:44:46] Scraping des rapports pour 'oragroup', page 1: https://www.brvm.org/fr/rapports-societe-cotes/oragroup?page=1
[2026-08-16 07:44:49] Page 1 pour 'oragroup': 18 rapport(s), dont 18 nouveau(x)
[2026-08-16 07:44:49] Scraping des rapports pour 'oragroup', page 2: https://www.brvm.org/fr/rapports-societe-cotes/oragroup?page=2
[2026-08-16 07:44:52] Page 2 pour 'oragroup': 0 rapport(s), dont 0 nouveau(x)
[2026-08-16 07:44:52] 38 rapport(s) trouvé(s) au total pour 'oragroup'
[2026-08-16 08:01:12] Scraping des rapports pour 'vivo-energy-ci', page 0: https://www.brvm.org/fr/rapports-societe-cotes/vivo-energy-ci
[2026-08-16 08:01:13] Page 0 pour 'vivo-energy-ci': 20 rapport(s), dont 20 nouveau(x)
[2026-08-16 08:01:13] Scraping des rapports pour 'vivo-energy-ci', page 1: https://www.brvm.org/fr/rapports-societe-cotes/vivo-energy-ci?page=1
[2026-08-16 08:01:17] Page 1 pour 'vivo-energy-ci': 20 rapport(s), dont 20 nouveau(x)
[2026-08-16 08:01:17] Scraping des rapports pour 'vivo-energy-ci', page 2: https://www.brvm.org/fr/rapports-societe-cotes/vivo-energy-ci?page=2
[2026-08-16 08:01:19] Page 2 pour 'vivo-energy-ci': 3 rapport(s), dont 3 nouveau(x)
[2026-08-16 08:01:19] Scraping des rapports pour 'vivo-energy-ci', page 3: https://www.brvm.org/fr/rapports-societe-cotes/vivo-energy-ci?page=3
[2026-08-16 08:01:21] Page 3 pour 'vivo-energy-ci': 0 rapport(s), dont 0 nouveau(x)
[2026-08-16 08:01:21] 43 rapport(s) trouvé(s) au total pour 'vivo-energy-ci'
[2026-08-16 08:15:18] Scraping des rapports pour 'safca-ci', page 0: https://www.brvm.org/fr/rapports-societe-cotes/safca-ci
[2026-08-16 08:15:20] Page 0 pour 'safca-ci': 20 rapport(s), dont 20 nouveau(x)
[2026-08-16 08:15:20] Scraping des rapports pour 'safca-ci', page 1: https://www.brvm.org/fr/rapports-societe-cotes/safca-ci?page=1
[2026-08-16 08:15:22] Page 1 pour 'safca-ci': 20 rapport(s), dont 20 nouveau(x)
[2026-08-16 08:15:22] Scraping des rapports pour 'safca-ci', page 2: https://www.brvm.org/fr/rapports-societe-cotes/safca-ci?page=2
[2026-08-16 08:15:24] Page 2 pour 'safca-ci': 20 rapport(s), dont 20 nouveau(x)
[2026-08-16 08:15:24] Scraping des rapports pour 'safca-ci', page 3: https://www.brvm.org/fr/rapports-societe-cotes/safca-ci?page=3
[2026-08-16 08:15:26] Page 3 pour 'safca-ci': 17 rapport(s), dont 17 nouveau(x)
[2026-08-16 08:15:26] Scraping des rapports pour 'safca-ci', page 4: https://www.brvm.org/fr/rapports-societe-cotes/safca-ci?page=4
[2026-08-16 08:15:27] Page 4 pour 'safca-ci': 0 rapport(s), dont 0 nouveau(x)
[2026-08-16 08:15:27] 77 rapport(s) trouvé(s) au total pour 'safca-ci'
[2026-08-16 08:40:16] Scraping des rapports pour 'oragroup', page 0: https://www.brvm.org/fr/rapports-societe-cotes/oragroup
[2026-08-16 08:40:17] Page 0 pour 'oragroup': 20 rapport(s), dont 20 nouveau(x)
[2026-08-16 08:40:17] Scraping des rapports pour 'oragroup', page 1: https://www.brvm.org/fr/rapports-societe-cotes/oragroup?page=1
[2026-08-16 08:40:19] Page 1 pour 'oragroup': 18 rapport(s), dont 18 nouveau(x)
[2026-08-16 08:40:19] Scraping des rapports pour 'oragroup', page 2: https://www.brvm.org/fr/rapports-societe-cotes/oragroup?page=2
[2026-08-16 08:40:21] Page 2 pour 'oragroup': 0 rapport(s), dont 0 nouveau(x)
[2026-08-16 08:40:21] 38 rapport(s) trouvé(s) au total pour 'oragroup'
[2026-08-16 08:40:29] Scraping des rapports pour 'oragroup', page 0: https://www.brvm.org/fr/rapports-societe-cotes/oragroup
[2026-08-16 08:40:30] Page 0 pour 'oragroup': 20 rapport(s), dont 20 nouveau(x)
[2026-08-16 08:40:30] Scraping des rapports pour 'oragroup', page 1: https://www.brvm.org/fr/rapports-societe-cotes/oragroup?page=1
[2026-08-16 08:40:33] Page 1 pour 'oragroup': 18 rapport(s), dont 18 nouveau(x)
[2026-08-16 08:40:33] Scraping des rapports pour 'oragroup', page 2: https://www.brvm.org/fr/rapports-societe-cotes/oragroup?page=2
[2026-08-16 08:40:36] Page 2 pour 'oragroup': 0 rapport(s), dont 0 nouveau(x)
[2026-08-16 08:40:36] 38 rapport(s) trouvé(s) au total pour 'oragroup'
[2026-08-16 08:40:46] Scraping des rapports pour 'nestle-ci', page 0: https://www.brvm.org/fr/rapports-societe-cotes/nestle-ci
[2026-08-16 08:40:49] Page 0 pour 'nestle-ci': 20 rapport(s), dont 20 nouveau(x)
[2026-08-16 08:40:49] Scraping des rapports pour 'nestle-ci', page 1: https://www.brvm.org/fr/rapports-societe-cotes/nestle-ci?page=1
[2026-08-16 08:40:51] Page 1 pour 'nestle-ci': 20 rapport(s), dont 20 nouveau(x)
[2026-08-16 08:40:51] Scraping des rapports pour 'nestle-ci', page 2: https://www.brvm.org/fr/rapports-societe-cotes/nestle-ci?page=2
[2026-08-16 08:40:52] Page 2 pour 'nestle-ci': 20 rapport(s), dont 20 nouveau(x)
[2026-08-16 08:40:52] Scraping des rapports pour 'nestle-ci', page 3: https://www.brvm.org/fr/rapports-societe-cotes/nestle-ci?page=3
[2026-08-16 08:40:54] Page 3 pour 'nestle-ci': 20 rapport(s), dont 20 nouveau(x)
[2026-08-16 08:40:54] Scraping des rapports pour 'nestle-ci', page 4: https://www.brvm.org/fr/rapports-societe-cotes/nestle-ci?page=4
[2026-08-16 08:40:56] Page 4 pour 'nestle-ci': 7 rapport(s), dont 7 nouveau(x)
[2026-08-16 08:40:56] Scraping des rapports pour 'nestle-ci', page 5: https://www.brvm.org/fr/rapports-societe-cotes/nestle-ci?page=5
[2026-08-16 08:40:58] Page 5 pour 'nestle-ci': 0 rapport(s), dont 0 nouveau(x)
[2026-08-16 08:40:58] 87 rapport(s) trouvé(s) au total pour 'nestle-ci'
[2026-08-16 08:55:27] Scraping des rapports pour 'cie-ci', page 0: https://www.brvm.org/fr/rapports-societe-cotes/cie-ci
[2026-08-16 08:55:29] Page 0 pour 'cie-ci': 20 rapport(s), dont 20 nouveau(x)
[2026-08-16 08:55:29] Scraping des rapports pour 'cie-ci', page 1: https://www.brvm.org/fr/rapports-societe-cotes/cie-ci?page=1
[2026-08-16 08:55:31] Page 1 pour 'cie-ci': 20 rapport(s), dont 20 nouveau(x)
[2026-08-16 08:55:31] Scraping des rapports pour 'cie-ci', page 2: https://www.brvm.org/fr/rapports-societe-cotes/cie-ci?page=2
[2026-08-16 08:55:34] Page 2 pour 'cie-ci': 20 rapport(s), dont 20 nouveau(x)
[2026-08-16 08:55:34] Scraping des rapports pour 'cie-ci', page 3: https://www.brvm.org/fr/rapports-societe-cotes/cie-ci?page=3
[2026-08-16 08:55:35] Page 3 pour 'cie-ci': 20 rapport(s), dont 20 nouveau(x)
[2026-08-16 08:55:35] Scraping des rapports pour 'cie-ci', page 4: https://www.brvm.org/fr/rapports-societe-cotes/cie-ci?page=4
[2026-08-16 08:55:37] Page 4 pour 'cie-ci': 12 rapport(s), dont 12 nouveau(x)
[2026-08-16 08:55:37] Scraping des rapports pour 'cie-ci', page 5: https://www.brvm.org/fr/rapports-societe-cotes/cie-ci?page=5
[2026-08-16 08:55:39] Page 5 pour 'cie-ci': 0 rapport(s), dont 0 nouveau(x)
[2026-08-16 08:55:39] 92 rapport(s) trouvé(s) au total pour 'cie-ci'
[2026-08-16 20:47:54] Découverte annuaire, page 0: https://www.brvm.org/fr/rapports-societes-cotees
[2026-08-16 20:47:56] Page 0: 30 entrées, dont 30 nouvelles
[2026-08-16 20:47:56] Découverte annuaire, page 1: https://www.brvm.org/fr/rapports-societes-cotees?page=1
[2026-08-16 20:47:58] Page 1: 30 entrées, dont 30 nouvelles
[2026-08-16 20:47:58] Découverte annuaire, page 2: https://www.brvm.org/fr/rapports-societes-cotees?page=2
[2026-08-16 20:47:59] Page 2: 15 entrées, dont 15 nouvelles
[2026-08-16 20:47:59] Découverte annuaire, page 3: https://www.brvm.org/fr/rapports-societes-cotees?page=3
[2026-08-16 20:48:01] Page 3: 0 entrées, dont 0 nouvelles
[2026-08-16 20:48:01] Scraping des rapports pour 'servair-abidjan-ci', page 0: https://www.brvm.org/fr/rapports-societe-cotes/servair-abidjan-ci
[2026-08-16 20:48:03] Page 0 pour 'servair-abidjan-ci': 20 rapport(s), dont 20 nouveau(x)
[2026-08-16 20:48:03] Scraping des rapports pour 'servair-abidjan-ci', page 1: https://www.brvm.org/fr/rapports-societe-cotes/servair-abidjan-ci?page=1
[2026-08-16 20:48:04] Page 1 pour 'servair-abidjan-ci': 20 rapport(s), dont 20 nouveau(x)
[2026-08-16 20:48:04] Scraping des rapports pour 'servair-abidjan-ci', page 2: https://www.brvm.org/fr/rapports-societe-cotes/servair-abidjan-ci?page=2
[2026-08-16 20:48:07] Page 2 pour 'servair-abidjan-ci': 20 rapport(s), dont 20 nouveau(x)
[2026-08-16 20:48:07] Scraping des rapports pour 'servair-abidjan-ci', page 3: https://www.brvm.org/fr/rapports-societe-cotes/servair-abidjan-ci?page=3
[2026-08-16 20:48:09] Page 3 pour 'servair-abidjan-ci': 20 rapport(s), dont 20 nouveau(x)
[2026-08-16 20:48:09] Scraping des rapports pour 'servair-abidjan-ci', page 4: https://www.brvm.org/fr/rapports-societe-cotes/servair-abidjan-ci?page=4
[2026-08-16 20:48:11] Page 4 pour 'servair-abidjan-ci': 6 rapport(s), dont 6 nouveau(x)
[2026-08-16 20:48:11] Scraping des rapports pour 'servair-abidjan-ci', page 5: https://www.brvm.org/fr/rapports-societe-cotes/servair-abidjan-ci?page=5
[2026-08-16 20:48:13] Page 5 pour 'servair-abidjan-ci': 0 rapport(s), dont 0 nouveau(x)
[2026-08-16 20:48:13] 86 rapport(s) trouvé(s) au total pour 'servair-abidjan-ci'
[2026-08-16 20:50:45] Scraping des rapports pour 'bici-ci', page 0: https://www.brvm.org/fr/rapports-societe-cotes/bici-ci
[2026-08-16 20:50:47] Page 0 pour 'bici-ci': 20 rapport(s), dont 20 nouveau(x)
[2026-08-16 20:50:47] Scraping des rapports pour 'bici-ci', page 1: https://www.brvm.org/fr/rapports-societe-cotes/bici-ci?page=1
[2026-08-16 20:50:50] Page 1 pour 'bici-ci': 20 rapport(s), dont 20 nouveau(x)
[2026-08-16 20:50:50] Scraping des rapports pour 'bici-ci', page 2: https://www.brvm.org/fr/rapports-societe-cotes/bici-ci?page=2
[2026-08-16 20:50:53] Page 2 pour 'bici-ci': 20 rapport(s), dont 20 nouveau(x)
[2026-08-16 20:50:53] Scraping des rapports pour 'bici-ci', page 3: https://www.brvm.org/fr/rapports-societe-cotes/bici-ci?page=3
[2026-08-16 20:50:55] Page 3 pour 'bici-ci': 20 rapport(s), dont 20 nouveau(x)
[2026-08-16 20:50:55] Scraping des rapports pour 'bici-ci', page 4: https://www.brvm.org/fr/rapports-societe-cotes/bici-ci?page=4
[2026-08-16 20:50:58] Page 4 pour 'bici-ci': 10 rapport(s), dont 10 nouveau(x)
[2026-08-16 20:50:58] Scraping des rapports pour 'bici-ci', page 5: https://www.brvm.org/fr/rapports-societe-cotes/bici-ci?page=5
[2026-08-16 20:51:00] Page 5 pour 'bici-ci': 0 rapport(s), dont 0 nouveau(x)
[2026-08-16 20:51:00] 90 rapport(s) trouvé(s) au total pour 'bici-ci'
[2026-08-16 21:00:05] Scraping des rapports pour 'bernabe-ci', page 0: https://www.brvm.org/fr/rapports-societe-cotes/bernabe-ci
[2026-08-16 21:00:11] Page 0 pour 'bernabe-ci': 20 rapport(s), dont 20 nouveau(x)
[2026-08-16 21:00:11] Scraping des rapports pour 'bernabe-ci', page 1: https://www.brvm.org/fr/rapports-societe-cotes/bernabe-ci?page=1
[2026-08-16 21:00:15] Page 1 pour 'bernabe-ci': 20 rapport(s), dont 20 nouveau(x)
[2026-08-16 21:00:15] Scraping des rapports pour 'bernabe-ci', page 2: https://www.brvm.org/fr/rapports-societe-cotes/bernabe-ci?page=2
[2026-08-16 21:00:25] Page 2 pour 'bernabe-ci': 20 rapport(s), dont 20 nouveau(x)
[2026-08-16 21:00:25] Scraping des rapports pour 'bernabe-ci', page 3: https://www.brvm.org/fr/rapports-societe-cotes/bernabe-ci?page=3
[2026-08-16 21:00:35] Scraping des rapports pour 'bank-africa-bn', page 0: https://www.brvm.org/fr/rapports-societe-cotes/bank-africa-bn
[2026-08-16 21:00:36] Page 3 pour 'bernabe-ci': 20 rapport(s), dont 20 nouveau(x)
[2026-08-16 21:00:36] Scraping des rapports pour 'bernabe-ci', page 4: https://www.brvm.org/fr/rapports-societe-cotes/bernabe-ci?page=4
[2026-08-16 21:00:41] Page 4 pour 'bernabe-ci': 14 rapport(s), dont 14 nouveau(x)
[2026-08-16 21:00:41] Scraping des rapports pour 'bernabe-ci', page 5: https://www.brvm.org/fr/rapports-societe-cotes/bernabe-ci?page=5
[2026-08-16 21:00:41] Page 0 pour 'bank-africa-bn': 20 rapport(s), dont 20 nouveau(x)
[2026-08-16 21:00:41] Scraping des rapports pour 'bank-africa-bn', page 1: https://www.brvm.org/fr/rapports-societe-cotes/bank-africa-bn?page=1
[2026-08-16 21:00:46] Page 1 pour 'bank-africa-bn': 19 rapport(s), dont 19 nouveau(x)
[2026-08-16 21:00:46] Scraping des rapports pour 'bank-africa-bn', page 2: https://www.brvm.org/fr/rapports-societe-cotes/bank-africa-bn?page=2
[2026-08-16 21:00:46] Page 5 pour 'bernabe-ci': 0 rapport(s), dont 0 nouveau(x)
[2026-08-16 21:00:46] 94 rapport(s) trouvé(s) au total pour 'bernabe-ci'
[2026-08-16 21:00:49] Page 2 pour 'bank-africa-bn': 20 rapport(s), dont 20 nouveau(x)
[2026-08-16 21:00:49] Scraping des rapports pour 'bank-africa-bn', page 3: https://www.brvm.org/fr/rapports-societe-cotes/bank-africa-bn?page=3
[2026-08-16 21:00:52] Page 3 pour 'bank-africa-bn': 20 rapport(s), dont 20 nouveau(x)
[2026-08-16 21:00:52] Scraping des rapports pour 'bank-africa-bn', page 4: https://www.brvm.org/fr/rapports-societe-cotes/bank-africa-bn?page=4
[2026-08-16 21:00:55] Page 4 pour 'bank-africa-bn': 15 rapport(s), dont 15 nouveau(x)
[2026-08-16 21:00:55] Scraping des rapports pour 'bank-africa-bn', page 5: https://www.brvm.org/fr/rapports-societe-cotes/bank-africa-bn?page=5
[2026-08-16 21:00:57] Page 5 pour 'bank-africa-bn': 0 rapport(s), dont 0 nouveau(x)
[2026-08-16 21:00:57] 94 rapport(s) trouvé(s) au total pour 'bank-africa-bn'
[2026-08-16 21:04:58] Scraping des rapports pour 'bank-africa-bf', page 0: https://www.brvm.org/fr/rapports-societe-cotes/bank-africa-bf
[2026-08-16 21:05:00] Page 0 pour 'bank-africa-bf': 20 rapport(s), dont 20 nouveau(x)
[2026-08-16 21:05:00] Scraping des rapports pour 'bank-africa-bf', page 1: https://www.brvm.org/fr/rapports-societe-cotes/bank-africa-bf?page=1
[2026-08-16 21:05:02] Page 1 pour 'bank-africa-bf': 20 rapport(s), dont 20 nouveau(x)
[2026-08-16 21:05:02] Scraping des rapports pour 'bank-africa-bf', page 2: https://www.brvm.org/fr/rapports-societe-cotes/bank-africa-bf?page=2
[2026-08-16 21:05:04] Page 2 pour 'bank-africa-bf': 20 rapport(s), dont 19 nouveau(x)
[2026-08-16 21:05:04] Scraping des rapports pour 'bank-africa-bf', page 3: https://www.brvm.org/fr/rapports-societe-cotes/bank-africa-bf?page=3
[2026-08-16 21:05:06] Page 3 pour 'bank-africa-bf': 19 rapport(s), dont 19 nouveau(x)
[2026-08-16 21:05:06] Scraping des rapports pour 'bank-africa-bf', page 4: https://www.brvm.org/fr/rapports-societe-cotes/bank-africa-bf?page=4
[2026-08-16 21:05:09] Page 4 pour 'bank-africa-bf': 10 rapport(s), dont 10 nouveau(x)
[2026-08-16 21:05:09] Scraping des rapports pour 'bank-africa-bf', page 5: https://www.brvm.org/fr/rapports-societe-cotes/bank-africa-bf?page=5
[2026-08-16 21:05:11] Page 5 pour 'bank-africa-bf': 0 rapport(s), dont 0 nouveau(x)
[2026-08-16 21:05:11] 88 rapport(s) trouvé(s) au total pour 'bank-africa-bf'
[2026-08-16 21:06:56] Scraping des rapports pour 'bank-africa-ci', page 0: https://www.brvm.org/fr/rapports-societe-cotes/bank-africa-ci
[2026-08-16 21:06:58] Page 0 pour 'bank-africa-ci': 20 rapport(s), dont 20 nouveau(x)
[2026-08-16 21:06:58] Scraping des rapports pour 'bank-africa-ci', page 1: https://www.brvm.org/fr/rapports-societe-cotes/bank-africa-ci?page=1
[2026-08-16 21:07:01] Page 1 pour 'bank-africa-ci': 20 rapport(s), dont 20 nouveau(x)
[2026-08-16 21:07:01] Scraping des rapports pour 'bank-africa-ci', page 2: https://www.brvm.org/fr/rapports-societe-cotes/bank-africa-ci?page=2
[2026-08-16 21:07:03] Page 2 pour 'bank-africa-ci': 20 rapport(s), dont 20 nouveau(x)
[2026-08-16 21:07:03] Scraping des rapports pour 'bank-africa-ci', page 3: https://www.brvm.org/fr/rapports-societe-cotes/bank-africa-ci?page=3
[2026-08-16 21:07:05] Page 3 pour 'bank-africa-ci': 16 rapport(s), dont 16 nouveau(x)
[2026-08-16 21:07:05] Scraping des rapports pour 'bank-africa-ci', page 4: https://www.brvm.org/fr/rapports-societe-cotes/bank-africa-ci?page=4
[2026-08-16 21:07:07] Page 4 pour 'bank-africa-ci': 0 rapport(s), dont 0 nouveau(x)
[2026-08-16 21:07:07] 76 rapport(s) trouvé(s) au total pour 'bank-africa-ci'
[2026-08-16 21:08:37] Scraping des rapports pour 'bank-africa-ml', page 0: https://www.brvm.org/fr/rapports-societe-cotes/bank-africa-ml
[2026-08-16 21:08:40] Page 0 pour 'bank-africa-ml': 20 rapport(s), dont 20 nouveau(x)
[2026-08-16 21:08:40] Scraping des rapports pour 'bank-africa-ml', page 1: https://www.brvm.org/fr/rapports-societe-cotes/bank-africa-ml?page=1
[2026-08-16 21:08:43] Page 1 pour 'bank-africa-ml': 20 rapport(s), dont 20 nouveau(x)
[2026-08-16 21:08:43] Scraping des rapports pour 'bank-africa-ml', page 2: https://www.brvm.org/fr/rapports-societe-cotes/bank-africa-ml?page=2
[2026-08-16 21:08:45] Page 2 pour 'bank-africa-ml': 20 rapport(s), dont 20 nouveau(x)
[2026-08-16 21:08:45] Scraping des rapports pour 'bank-africa-ml', page 3: https://www.brvm.org/fr/rapports-societe-cotes/bank-africa-ml?page=3
[2026-08-16 21:08:47] Page 3 pour 'bank-africa-ml': 3 rapport(s), dont 3 nouveau(x)
[2026-08-16 21:08:47] Scraping des rapports pour 'bank-africa-ml', page 4: https://www.brvm.org/fr/rapports-societe-cotes/bank-africa-ml?page=4
[2026-08-16 21:08:49] Page 4 pour 'bank-africa-ml': 0 rapport(s), dont 0 nouveau(x)
[2026-08-16 21:08:49] 63 rapport(s) trouvé(s) au total pour 'bank-africa-ml'
[2026-08-16 21:08:53] Scraping des rapports pour 'bank-africa-ng', page 0: https://www.brvm.org/fr/rapports-societe-cotes/bank-africa-ng
[2026-08-16 21:08:55] Page 0 pour 'bank-africa-ng': 20 rapport(s), dont 20 nouveau(x)
[2026-08-16 21:08:55] Scraping des rapports pour 'bank-africa-ng', page 1: https://www.brvm.org/fr/rapports-societe-cotes/bank-africa-ng?page=1
[2026-08-16 21:09:00] Page 1 pour 'bank-africa-ng': 20 rapport(s), dont 20 nouveau(x)
[2026-08-16 21:09:00] Scraping des rapports pour 'bank-africa-ng', page 2: https://www.brvm.org/fr/rapports-societe-cotes/bank-africa-ng?page=2
[2026-08-16 21:09:01] Page 2 pour 'bank-africa-ng': 20 rapport(s), dont 20 nouveau(x)
[2026-08-16 21:09:01] Scraping des rapports pour 'bank-africa-ng', page 3: https://www.brvm.org/fr/rapports-societe-cotes/bank-africa-ng?page=3
[2026-08-16 21:09:03] Page 3 pour 'bank-africa-ng': 19 rapport(s), dont 19 nouveau(x)
[2026-08-16 21:09:03] Scraping des rapports pour 'bank-africa-ng', page 4: https://www.brvm.org/fr/rapports-societe-cotes/bank-africa-ng?page=4
[2026-08-16 21:09:05] Page 4 pour 'bank-africa-ng': 13 rapport(s), dont 13 nouveau(x)
[2026-08-16 21:09:05] Scraping des rapports pour 'bank-africa-ng', page 5: https://www.brvm.org/fr/rapports-societe-cotes/bank-africa-ng?page=5
[2026-08-16 21:09:06] Page 5 pour 'bank-africa-ng': 0 rapport(s), dont 0 nouveau(x)
[2026-08-16 21:09:06] 92 rapport(s) trouvé(s) au total pour 'bank-africa-ng'
